Archive member included to satisfy reference by file (symbol)

C:/Sistemas_embebidos/ST/STM32CubeIDE_1.14.1/STM32CubeIDE/plugins/com.st.stm32cube.ide.mcu.externaltools.gnu-tools-for-stm32.12.3.rel1.win32_1.0.200.202406191623/tools/bin/../lib/gcc/arm-none-eabi/12.3.1/../../../../arm-none-eabi/lib/thumb/v7-m/nofp\libc_nano.a(libc_a-exit.o)
                              C:/Sistemas_embebidos/ST/STM32CubeIDE_1.14.1/STM32CubeIDE/plugins/com.st.stm32cube.ide.mcu.externaltools.gnu-tools-for-stm32.12.3.rel1.win32_1.0.200.202406191623/tools/bin/../lib/gcc/arm-none-eabi/12.3.1/../../../../arm-none-eabi/lib/thumb/v7-m/nofp/crt0.o (exit)
C:/Sistemas_embebidos/ST/STM32CubeIDE_1.14.1/STM32CubeIDE/plugins/com.st.stm32cube.ide.mcu.externaltools.gnu-tools-for-stm32.12.3.rel1.win32_1.0.200.202406191623/tools/bin/../lib/gcc/arm-none-eabi/12.3.1/../../../../arm-none-eabi/lib/thumb/v7-m/nofp\libc_nano.a(libc_a-itoa.o)
                              ./Core/Src/main.o (itoa)
C:/Sistemas_embebidos/ST/STM32CubeIDE_1.14.1/STM32CubeIDE/plugins/com.st.stm32cube.ide.mcu.externaltools.gnu-tools-for-stm32.12.3.rel1.win32_1.0.200.202406191623/tools/bin/../lib/gcc/arm-none-eabi/12.3.1/../../../../arm-none-eabi/lib/thumb/v7-m/nofp\libc_nano.a(libc_a-utoa.o)
                              C:/Sistemas_embebidos/ST/STM32CubeIDE_1.14.1/STM32CubeIDE/plugins/com.st.stm32cube.ide.mcu.externaltools.gnu-tools-for-stm32.12.3.rel1.win32_1.0.200.202406191623/tools/bin/../lib/gcc/arm-none-eabi/12.3.1/../../../../arm-none-eabi/lib/thumb/v7-m/nofp\libc_nano.a(libc_a-itoa.o) (__utoa)
C:/Sistemas_embebidos/ST/STM32CubeIDE_1.14.1/STM32CubeIDE/plugins/com.st.stm32cube.ide.mcu.externaltools.gnu-tools-for-stm32.12.3.rel1.win32_1.0.200.202406191623/tools/bin/../lib/gcc/arm-none-eabi/12.3.1/../../../../arm-none-eabi/lib/thumb/v7-m/nofp\libc_nano.a(libc_a-findfp.o)
                              ./Middlewares/Third_Party/FreeRTOS/Source/tasks.o (__sf)
C:/Sistemas_embebidos/ST/STM32CubeIDE_1.14.1/STM32CubeIDE/plugins/com.st.stm32cube.ide.mcu.externaltools.gnu-tools-for-stm32.12.3.rel1.win32_1.0.200.202406191623/tools/bin/../lib/gcc/arm-none-eabi/12.3.1/../../../../arm-none-eabi/lib/thumb/v7-m/nofp\libc_nano.a(libc_a-fwalk.o)
                              C:/Sistemas_embebidos/ST/STM32CubeIDE_1.14.1/STM32CubeIDE/plugins/com.st.stm32cube.ide.mcu.externaltools.gnu-tools-for-stm32.12.3.rel1.win32_1.0.200.202406191623/tools/bin/../lib/gcc/arm-none-eabi/12.3.1/../../../../arm-none-eabi/lib/thumb/v7-m/nofp\libc_nano.a(libc_a-findfp.o) (_fwalk_sglue)
C:/Sistemas_embebidos/ST/STM32CubeIDE_1.14.1/STM32CubeIDE/plugins/com.st.stm32cube.ide.mcu.externaltools.gnu-tools-for-stm32.12.3.rel1.win32_1.0.200.202406191623/tools/bin/../lib/gcc/arm-none-eabi/12.3.1/../../../../arm-none-eabi/lib/thumb/v7-m/nofp\libc_nano.a(libc_a-snprintf.o)
                              ./Core/Src/main.o (snprintf)
C:/Sistemas_embebidos/ST/STM32CubeIDE_1.14.1/STM32CubeIDE/plugins/com.st.stm32cube.ide.mcu.externaltools.gnu-tools-for-stm32.12.3.rel1.win32_1.0.200.202406191623/tools/bin/../lib/gcc/arm-none-eabi/12.3.1/../../../../arm-none-eabi/lib/thumb/v7-m/nofp\libc_nano.a(libc_a-stdio.o)
                              C:/Sistemas_embebidos/ST/STM32CubeIDE_1.14.1/STM32CubeIDE/plugins/com.st.stm32cube.ide.mcu.externaltools.gnu-tools-for-stm32.12.3.rel1.win32_1.0.200.202406191623/tools/bin/../lib/gcc/arm-none-eabi/12.3.1/../../../../arm-none-eabi/lib/thumb/v7-m/nofp\libc_nano.a(libc_a-findfp.o) (__sread)
C:/Sistemas_embebidos/ST/STM32CubeIDE_1.14.1/STM32CubeIDE/plugins/com.st.stm32cube.ide.mcu.externaltools.gnu-tools-for-stm32.12.3.rel1.win32_1.0.200.202406191623/tools/bin/../lib/gcc/arm-none-eabi/12.3.1/../../../../arm-none-eabi/lib/thumb/v7-m/nofp\libc_nano.a(libc_a-memset.o)
                              C:/Sistemas_embebidos/ST/STM32CubeIDE_1.14.1/STM32CubeIDE/plugins/com.st.stm32cube.ide.mcu.externaltools.gnu-tools-for-stm32.12.3.rel1.win32_1.0.200.202406191623/tools/bin/../lib/gcc/arm-none-eabi/12.3.1/../../../../arm-none-eabi/lib/thumb/v7-m/nofp/crt0.o (memset)
C:/Sistemas_embebidos/ST/STM32CubeIDE_1.14.1/STM32CubeIDE/plugins/com.st.stm32cube.ide.mcu.externaltools.gnu-tools-for-stm32.12.3.rel1.win32_1.0.200.202406191623/tools/bin/../lib/gcc/arm-none-eabi/12.3.1/../../../../arm-none-eabi/lib/thumb/v7-m/nofp\libc_nano.a(libc_a-closer.o)
                              C:/Sistemas_embebidos/ST/STM32CubeIDE_1.14.1/STM32CubeIDE/plugins/com.st.stm32cube.ide.mcu.externaltools.gnu-tools-for-stm32.12.3.rel1.win32_1.0.200.202406191623/tools/bin/../lib/gcc/arm-none-eabi/12.3.1/../../../../arm-none-eabi/lib/thumb/v7-m/nofp\libc_nano.a(libc_a-stdio.o) (_close_r)
C:/Sistemas_embebidos/ST/STM32CubeIDE_1.14.1/STM32CubeIDE/plugins/com.st.stm32cube.ide.mcu.externaltools.gnu-tools-for-stm32.12.3.rel1.win32_1.0.200.202406191623/tools/bin/../lib/gcc/arm-none-eabi/12.3.1/../../../../arm-none-eabi/lib/thumb/v7-m/nofp\libc_nano.a(libc_a-reent.o)
[...]
Memory Configuration

Name             Origin             Length             Attributes
RAM              0x20000000         0x00005000         xrw
FLASH            0x08000000         0x00010000         xr
*default*        0x00000000         0xffffffff

Linker script and memory map

LOAD C:/Sistemas_embebidos/ST/STM32CubeIDE_1.14.1/STM32CubeIDE/plugins/com.st.stm32cube.ide.mcu.externaltools.gnu-tools-for-stm32.12.3.rel1.win32_1.0.200.202406191623/tools/bin/../lib/gcc/arm-none-eabi/12.3.1/thumb/v7-m/nofp/crti.o
LOAD C:/Sistemas_embebidos/ST/STM32CubeIDE_1.14.1/STM32CubeIDE/plugins/com.st.stm32cube.ide.mcu.externaltools.gnu-tools-for-stm32.12.3.rel1.win32_1.0.200.202406191623/tools/bin/../lib/gcc/arm-none-eabi/12.3.1/thumb/v7-m/nofp/crtbegin.o
LOAD C:/Sistemas_embebidos/ST/STM32CubeIDE_1.14.1/STM32CubeIDE/plugins/com.st.stm32cube.ide.mcu.externaltools.gnu-tools-for-stm32.12.3.rel1.win32_1.0.200.202406191623/tools/bin/../lib/gcc/arm-none-eabi/12.3.1/../../../../arm-none-eabi/lib/thumb/v7-m/nofp/crt0.o
LOAD ./Core/Src/fft.o
LOAD ./Core/Src/fonts.o
LOAD ./Core/Src/freertos.o
LOAD ./Core/Src/main.o
LOAD ./Core/Src/ssd1306.o
LOAD ./Core/Src/stm32f1xx_hal_msp.o
LOAD ./Core/Src/stm32f1xx_hal_timebase_tim.o
LOAD ./Core/Src/stm32f1xx_it.o
LOAD ./Core/Src/syscalls.o
LOAD ./Core/Src/sysmem.o
LOAD ./Core/Src/system_stm32f1xx.o
LOAD ./Core/Startup/startup_stm32f103c8tx.o
LOAD ./Drivers/STM32F1xx_HAL_Driver/Src/stm32f1xx_hal.o
LOAD ./Drivers/STM32F1xx_HAL_Driver/Src/stm32f1xx_hal_adc.o
LOAD ./Drivers/STM32F1xx_HAL_Driver/Src/stm32f1xx_hal_adc_ex.o
LOAD ./Drivers/STM32F1xx_HAL_Driver/Src/stm32f1xx_hal_cortex.o
LOAD ./Drivers/STM32F1xx_HAL_Driver/Src/stm32f1xx_hal_dma.o
LOAD ./Drivers/STM32F1xx_HAL_Driver/Src/stm32f1xx_hal_exti.o
LOAD ./Drivers/STM32F1xx_HAL_Driver/Src/stm32f1xx_hal_flash.o
LOAD ./Drivers/STM32F1xx_HAL_Driver/Src/stm32f1xx_hal_flash_ex.o
LOAD ./Drivers/STM32F1xx_HAL_Driver/Src/stm32f1xx_hal_gpio.o
LOAD ./Drivers/STM32F1xx_HAL_Driver/Src/stm32f1xx_hal_gpio_ex.o
LOAD ./Drivers/STM32F1xx_HAL_Driver/Src/stm32f1xx_hal_i2c.o
LOAD ./Drivers/STM32F1xx_HAL_Driver/Src/stm32f1xx_hal_pwr.o
LOAD ./Drivers/STM32F1xx_HAL_Driver/Src/stm32f1xx_hal_rcc.o
LOAD ./Drivers/STM32F1xx_HAL_Driver/Src/stm32f1xx_hal_rcc_ex.o
LOAD ./Drivers/STM32F1xx_HAL_Driver/Src/stm32f1xx_hal_tim.o
LOAD ./Drivers/STM32F1xx_HAL_Driver/Src/stm32f1xx_hal_tim_ex.o
LOAD ./Drivers/STM32F1xx_HAL_Driver/Src/stm32f1xx_hal_uart.o
LOAD ./Middlewares/Third_Party/FreeRTOS/Source/CMSIS_RTOS_V2/cmsis_os2.o
LOAD ./Middlewares/Third_Party/FreeRTOS/Source/croutine.o
LOAD ./Middlewares/Third_Party/FreeRTOS/Source/event_groups.o
LOAD ./Middlewares/Third_Party/FreeRTOS/Source/list.o
LOAD ./Middlewares/Third_Party/FreeRTOS/Source/queue.o
LOAD ./Middlewares/Third_Party/FreeRTOS/Source/stream_buffer.o
LOAD ./Middlewares/Third_Party/FreeRTOS/Source/tasks.o
LOAD ./Middlewares/Third_Party/FreeRTOS/Source/timers.o
LOAD ./Middlewares/Third_Party/FreeRTOS/Source/portable/GCC/ARM_CM3/port.o
LOAD ./Middlewares/Third_Party/FreeRTOS/Source/portable/MemMang/heap_4.o
START GROUP
LOAD C:/Sistemas_embebidos/ST/STM32CubeIDE_1.14.1/STM32CubeIDE/plugins/com.st.stm32cube.ide.mcu.externaltools.gnu-tools-for-stm32.12.3.rel1.win32_1.0.200.202406191623/tools/bin/../lib/gcc/arm-none-eabi/12.3.1/../../../../arm-none-eabi/lib/thumb/v7-m/nofp\libc_nano.a
LOAD C:/Sistemas_embebidos/ST/STM32CubeIDE_1.14.1/STM32CubeIDE/plugins/com.st.stm32cube.ide.mcu.externaltools.gnu-tools-for-stm32.12.3.rel1.win32_1.0.200.202406191623/tools/bin/../lib/gcc/arm-none-eabi/12.3.1/../../../../arm-none-eabi/lib/thumb/v7-m/nofp\libm.a
END GROUP
START GROUP
LOAD C:/Sistemas_embebidos/ST/STM32CubeIDE_1.14.1/STM32CubeIDE/plugins/com.st.stm32cube.ide.mcu.externaltools.gnu-tools-for-stm32.12.3.rel1.win32_1.0.200.202406191623/tools/bin/../lib/gcc/arm-none-eabi/12.3.1/thumb/v7-m/nofp\libgcc.a
LOAD C:/Sistemas_embebidos/ST/STM32CubeIDE_1.14.1/STM32CubeIDE/plugins/com.st.stm32cube.ide.mcu.externaltools.gnu-tools-for-stm32.12.3.rel1.win32_1.0.200.202406191623/tools/bin/../lib/gcc/arm-none-eabi/12.3.1/../../../../arm-none-eabi/lib/thumb/v7-m/nofp\libc_nano.a
END GROUP
START GROUP
LOAD C:/Sistemas_embebidos/ST/STM32CubeIDE_1.14.1/STM32CubeIDE/plugins/com.st.stm32cube.ide.mcu.externaltools.gnu-tools-for-stm32.12.3.rel1.win32_1.0.200.202406191623/tools/bin/../lib/gcc/arm-none-eabi/12.3.1/thumb/v7-m/nofp\libgcc.a
LOAD C:/Sistemas_embebidos/ST/STM32CubeIDE_1.14.1/STM32CubeIDE/plugins/com.st.stm32cube.ide.mcu.externaltools.gnu-tools-for-stm32.12.3.rel1.win32_1.0.200.202406191623/tools/bin/../lib/gcc/arm-none-eabi/12.3.1/../../../../arm-none-eabi/lib/thumb/v7-m/nofp\libc_nano.a
LOAD C:/Sistemas_embebidos/ST/STM32CubeIDE_1.14.1/STM32CubeIDE/plugins/com.st.stm32cube.ide.mcu.externaltools.gnu-tools-for-stm32.12.3.rel1.win32_1.0.200.202406191623/tools/bin/../lib/gcc/arm-none-eabi/12.3.1/../../../../arm-none-eabi/lib/thumb/v7-m/nofp\libnosys.a
END GROUP
START GROUP
LOAD C:/Sistemas_embebidos/ST/STM32CubeIDE_1.14.1/STM32CubeIDE/plugins/com.st.stm32cube.ide.mcu.externaltools.gnu-tools-for-stm32.12.3.rel1.win32_1.0.200.202406191623/tools/bin/../lib/gcc/arm-none-eabi/12.3.1/thumb/v7-m/nofp\libgcc.a
LOAD C:/Sistemas_embebidos/ST/STM32CubeIDE_1.14.1/STM32CubeIDE/plugins/com.st.stm32cube.ide.mcu.externaltools.gnu-tools-for-stm32.12.3.rel1.win32_1.0.200.202406191623/tools/bin/../lib/gcc/arm-none-eabi/12.3.1/../../../../arm-none-eabi/lib/thumb/v7-m/nofp\libc_nano.a
LOAD C:/Sistemas_embebidos/ST/STM32CubeIDE_1.14.1/STM32CubeIDE/plugins/com.st.stm32cube.ide.mcu.externaltools.gnu-tools-for-stm32.12.3.rel1.win32_1.0.200.202406191623/tools/bin/../lib/gcc/arm-none-eabi/12.3.1/../../../../arm-none-eabi/lib/thumb/v7-m/nofp\libnosys.a
END GROUP
LOAD C:/Sistemas_embebidos/ST/STM32CubeIDE_1.14.1/STM32CubeIDE/plugins/com.st.stm32cube.ide.mcu.externaltools.gnu-tools-for-stm32.12.3.rel1.win32_1.0.200.202406191623/tools/bin/../lib/gcc/arm-none-eabi/12.3.1/thumb/v7-m/nofp/crtend.o
LOAD C:/Sistemas_embebidos/ST/STM32CubeIDE_1.14.1/STM32CubeIDE/plugins/com.st.stm32cube.ide.mcu.externaltools.gnu-tools-for-stm32.12.3.rel1.win32_1.0.200.202406191623/tools/bin/../lib/gcc/arm-none-eabi/12.3.1/thumb/v7-m/nofp/crtn.o
                0x20005000                        _estack = (ORIGIN (RAM) + LENGTH (RAM))
                0x00000200                        _Min_Heap_Size = 0x200
                0x00000400                        _Min_Stack_Size = 0x400

.isr_vector     0x08000000      0x10c
                0x08000000                        . = ALIGN (0x4)
 *(.isr_vector)
 .isr_vector    0x08000000      0x10c ./Core/Startup/startup_stm32f103c8tx.o
                0x08000000                g_pfnVectors
                0x0800010c                        . = ALIGN (0x4)

.text           0x08000110     0xcab8
                0x08000110                        . = ALIGN (0x4)
 *(.text)
 .text          0x08000110       0x40 C:/Sistemas_embebidos/ST/STM32CubeIDE_1.14.1/STM32CubeIDE/plugins/com.st.stm32cube.ide.mcu.externaltools.gnu-tools-for-stm32.12.3.rel1.win32_1.0.200.202406191623/tools/bin/../lib/gcc/arm-none-eabi/12.3.1/thumb/v7-m/nofp/crtbegin.o
 .text          0x08000150       0x10 C:/Sistemas_embebidos/ST/STM32CubeIDE_1.14.1/STM32CubeIDE/plugins/com.st.stm32cube.ide.mcu.externaltools.gnu-tools-for-stm32.12.3.rel1.win32_1.0.200.202406191623/tools/bin/../lib/gcc/arm-none-eabi/12.3.1/../../../../arm-none-eabi/lib/thumb/v7-m/nofp\libc_nano.a(libc_a-strlen.o)
                0x08000150                strlen
 .text          0x08000160      0x378 C:/Sistemas_embebidos/ST/STM32CubeIDE_1.14.1/STM32CubeIDE/plugins/com.st.stm32cube.ide.mcu.externaltools.gnu-tools-for-stm32.12.3.rel1.win32_1.0.200.202406191623/tools/bin/../lib/gcc/arm-none-eabi/12.3.1/thumb/v7-m/nofp\libgcc.a(_arm_addsubdf3.o)
                0x08000160                __aeabi_drsub
                0x08000168                __aeabi_dsub
                0x08000168                __subdf3
                0x0800016c                __aeabi_dadd
                0x0800016c                __adddf3
                0x080003e4                __floatunsidf
                0x080003e4                __aeabi_ui2d
                0x08000404                __floatsidf
                0x08000404                __aeabi_i2d
                0x08000428                __aeabi_f2d
                0x08000428                __extendsfdf2
                0x0800046c                __floatundidf
                0x0800046c                __aeabi_ul2d
                0x0800047c                __floatdidf
                0x0800047c                __aeabi_l2d
 .text          0x080004d8      0x424 C:/Sistemas_embebidos/ST/STM32CubeIDE_1.14.1/STM32CubeIDE/plugins/com.st.stm32cube.ide.mcu.externaltools.gnu-tools-for-stm32.12.3.rel1.win32_1.0.200.202406191623/tools/bin/../lib/gcc/arm-none-eabi/12.3.1/thumb/v7-m/nofp\libgcc.a(_arm_muldivdf3.o)
                0x080004d8                __aeabi_dmul
                0x080004d8                __muldf3
                0x0800072c                __divdf3
                0x0800072c                __aeabi_ddiv
 .text          0x080008fc      0x110 C:/Sistemas_embebidos/ST/STM32CubeIDE_1.14.1/STM32CubeIDE/plugins/com.st.stm32cube.ide.mcu.externaltools.gnu-tools-for-stm32.12.3.rel1.win32_1.0.200.202406191623/tools/bin/../lib/gcc/arm-none-eabi/12.3.1/thumb/v7-m/nofp\libgcc.a(_arm_cmpdf2.o)
                0x080008fc                __gtdf2
                0x080008fc                __gedf2
                0x08000904                __ltdf2
                0x08000904                __ledf2
                0x0800090c                __nedf2
                0x0800090c                __eqdf2
                0x0800090c                __cmpdf2
                0x08000988                __aeabi_cdrcmple
                0x08000998                __aeabi_cdcmpeq
                0x08000998                __aeabi_cdcmple
                0x080009a8                __aeabi_dcmpeq
                0x080009bc                __aeabi_dcmplt
                0x080009d0                __aeabi_dcmple
                0x080009e4                __aeabi_dcmpge
                0x080009f8                __aeabi_dcmpgt
 .text          0x08000a0c       0x2c C:/Sistemas_embebidos/ST/STM32CubeIDE_1.14.1/STM32CubeIDE/plugins/com.st.stm32cube.ide.mcu.externaltools.gnu-tools-for-stm32.12.3.rel1.win32_1.0.200.202406191623/tools/bin/../lib/gcc/arm-none-eabi/12.3.1/thumb/v7-m/nofp\libgcc.a(_arm_unorddf2.o)
                0x08000a0c                __unorddf2
                0x08000a0c                __aeabi_dcmpun
 .text          0x08000a38       0x50 C:/Sistemas_embebidos/ST/STM32CubeIDE_1.14.1/STM32CubeIDE/plugins/com.st.stm32cube.ide.mcu.externaltools.gnu-tools-for-stm32.12.3.rel1.win32_1.0.200.202406191623/tools/bin/../lib/gcc/arm-none-eabi/12.3.1/thumb/v7-m/nofp\libgcc.a(_arm_fixdfsi.o)
                0x08000a38                __aeabi_d2iz
                0x08000a38                __fixdfsi
 .text          0x08000a88       0x40 C:/Sistemas_embebidos/ST/STM32CubeIDE_1.14.1/STM32CubeIDE/plugins/com.st.stm32cube.ide.mcu.externaltools.gnu-tools-for-stm32.12.3.rel1.win32_1.0.200.202406191623/tools/bin/../lib/gcc/arm-none-eabi/12.3.1/thumb/v7-m/nofp\libgcc.a(_arm_fixunsdfsi.o)
                0x08000a88                __aeabi_d2uiz
                0x08000a88                __fixunsdfsi
 .text          0x08000ac8       0xa0 C:/Sistemas_embebidos/ST/STM32CubeIDE_1.14.1/STM32CubeIDE/plugins/com.st.stm32cube.ide.mcu.externaltools.gnu-tools-for-stm32.12.3.rel1.win32_1.0.200.202406191623/tools/bin/../lib/gcc/arm-none-eabi/12.3.1/thumb/v7-m/nofp\libgcc.a(_arm_truncdfsf2.o)
                0x08000ac8                __truncdfsf2
                0x08000ac8                __aeabi_d2f
 .text          0x08000b68      0x21c C:/Sistemas_embebidos/ST/STM32CubeIDE_1.14.1/STM32CubeIDE/plugins/com.st.stm32cube.ide.mcu.externaltools.gnu-tools-for-stm32.12.3.rel1.win32_1.0.200.202406191623/tools/bin/../lib/gcc/arm-none-eabi/12.3.1/thumb/v7-m/nofp\libgcc.a(_arm_addsubsf3.o)
                0x08000b68                __aeabi_frsub
                0x08000b70                __subsf3
                0x08000b70                __aeabi_fsub
                0x08000b74                __aeabi_fadd
                0x08000b74                __addsf3
                0x08000cd4                __aeabi_ui2f
                0x08000cd4                __floatunsisf
                0x08000cdc                __aeabi_i2f
                0x08000cdc                __floatsisf
                0x08000cf8                __aeabi_ul2f
                0x08000cf8                __floatundisf
                0x08000d08                __aeabi_l2f
                0x08000d08                __floatdisf
 .text          0x08000d84      0x2a0 C:/Sistemas_embebidos/ST/STM32CubeIDE_1.14.1/STM32CubeIDE/plugins/com.st.stm32cube.ide.mcu.externaltools.gnu-tools-for-stm32.12.3.rel1.win32_1.0.200.202406191623/tools/bin/../lib/gcc/arm-none-eabi/12.3.1/thumb/v7-m/nofp\libgcc.a(_arm_muldivsf3.o)
                0x08000d84                __mulsf3
                0x08000d84                __aeabi_fmul
                0x08000eec                __aeabi_fdiv
                0x08000eec                __divsf3
 .text          0x08001024       0xec C:/Sistemas_embebidos/ST/STM32CubeIDE_1.14.1/STM32CubeIDE/plugins/com.st.stm32cube.ide.mcu.externaltools.gnu-tools-for-stm32.12.3.rel1.win32_1.0.200.202406191623/tools/bin/../lib/gcc/arm-none-eabi/12.3.1/thumb/v7-m/nofp\libgcc.a(_arm_cmpsf2.o)
                0x08001024                __gesf2
                0x08001024                __gtsf2
                0x0800102c                __lesf2
                0x0800102c                __ltsf2
                0x08001034                __nesf2
                0x08001034                __eqsf2
                0x08001034                __cmpsf2
                0x08001094                __aeabi_cfrcmple
                0x0800109c                __aeabi_cfcmpeq
                0x0800109c                __aeabi_cfcmple
                0x080010ac                __aeabi_fcmpeq
                0x080010c0                __aeabi_fcmplt
                0x080010d4                __aeabi_fcmple
                0x080010e8                __aeabi_fcmpge
                0x080010fc                __aeabi_fcmpgt
 .text          0x08001110       0x4c C:/Sistemas_embebidos/ST/STM32CubeIDE_1.14.1/STM32CubeIDE/plugins/com.st.stm32cube.ide.mcu.externaltools.gnu-tools-for-stm32.12.3.rel1.win32_1.0.200.202406191623/tools/bin/../lib/gcc/arm-none-eabi/12.3.1/thumb/v7-m/nofp\libgcc.a(_arm_fixsfsi.o)
                0x08001110                __aeabi_f2iz
                0x08001110                __fixsfsi
 .text          0x0800115c       0x40 C:/Sistemas_embebidos/ST/STM32CubeIDE_1.14.1/STM32CubeIDE/plugins/com.st.stm32cube.ide.mcu.externaltools.gnu-tools-for-stm32.12.3.rel1.win32_1.0.200.202406191623/tools/bin/../lib/gcc/arm-none-eabi/12.3.1/thumb/v7-m/nofp\libgcc.a(_arm_fixunssfsi.o)
                0x0800115c                __fixunssfsi
                0x0800115c                __aeabi_f2uiz
 *(.text*)
 .text.FFT      0x0800119c      0x2a8 ./Core/Src/fft.o
                0x0800119c                FFT
 .text.main     0x08001444       0xac ./Core/Src/main.o
                0x08001444                main
 .text.SystemClock_Config
                0x080014f0       0xb6 ./Core/Src/main.o
                0x080014f0                SystemClock_Config
 *fill*         0x080015a6        0x2 
 .text.MX_ADC1_Init
                0x080015a8       0x7c ./Core/Src/main.o
 .text.MX_I2C1_Init
                0x08001624       0x5c ./Core/Src/main.o
 .text.MX_TIM1_Init
                0x08001680       0xa0 ./Core/Src/main.o
 .text.MX_TIM2_Init
                0x08001720       0xe8 ./Core/Src/main.o
 .text.MX_TIM3_Init
                0x08001808       0x9c ./Core/Src/main.o
 .text.MX_USART1_UART_Init
                0x080018a4       0x54 ./Core/Src/main.o
 .text.MX_DMA_Init
                0x080018f8       0x3c ./Core/Src/main.o
 .text.MX_GPIO_Init
                0x08001934       0xd8 ./Core/Src/main.o
 .text.callback_in
                0x08001a0c       0x64 ./Core/Src/main.o
                0x08001a0c                callback_in
 .text.callback_out
                0x08001a70       0x64 ./Core/Src/main.o
                0x08001a70                callback_out
 .text.Init_PWM_DMA
                0x08001ad4       0x60 ./Core/Src/main.o
                0x08001ad4                Init_PWM_DMA
 .text.HAL_ADC_ConvCpltCallback
                0x08001b34       0x6c ./Core/Src/main.o
                0x08001b34                HAL_ADC_ConvCpltCallback
 .text.Encoder_UpdatePosition
                0x08001ba0      0x3bc ./Core/Src/main.o
                0x08001ba0                Encoder_UpdatePosition
 .text.SSD1306_FillArea
                0x08001f5c       0x66 ./Core/Src/main.o
                0x08001f5c                SSD1306_FillArea
 *fill*         0x08001fc2        0x6 
 .text.DibujarFFT
                0x08001fc8       0xc0 ./Core/Src/main.o
                0x08001fc8                DibujarFFT
 .text.StartBorneraTask
                0x08002088      0x120 ./Core/Src/main.o
                0x08002088                StartBorneraTask
 .text.StartTaskUI
                0x080021a8      0xb14 ./Core/Src/main.o
                0x080021a8                StartTaskUI
 *fill*         0x08002cbc        0x4 
 .text.StartDAC
                0x08002cc0      0x118 ./Core/Src/main.o
                0x08002cc0                StartDAC
 .text.HAL_TIM_PeriodElapsedCallback
                0x08002dd8       0x24 ./Core/Src/main.o
                0x08002dd8                HAL_TIM_PeriodElapsedCallback
 .text.Error_Handler
                0x08002dfc        0xc ./Core/Src/main.o
                0x08002dfc                Error_Handler
 .text.SSD1306_Init
                0x08002e08      0x188 ./Core/Src/ssd1306.o
                0x08002e08                SSD1306_Init
 .text.SSD1306_UpdateScreen
                0x08002f90       0x5c ./Core/Src/ssd1306.o
                0x08002f90                SSD1306_UpdateScreen
 .text.SSD1306_Fill
                0x08002fec       0x30 ./Core/Src/ssd1306.o
                0x08002fec                SSD1306_Fill
 .text.SSD1306_DrawPixel
                0x0800301c       0xbc ./Core/Src/ssd1306.o
                0x0800301c                SSD1306_DrawPixel
 .text.SSD1306_GotoXY
                0x080030d8       0x2c ./Core/Src/ssd1306.o
                0x080030d8                SSD1306_GotoXY
 .text.SSD1306_Putc
                0x08003104       0xfc ./Core/Src/ssd1306.o
                0x08003104                SSD1306_Putc
 .text.SSD1306_Puts
                0x08003200       0x4a ./Core/Src/ssd1306.o
                0x08003200                SSD1306_Puts
 .text.SSD1306_DrawLine
                0x0800324a      0x1f6 ./Core/Src/ssd1306.o
                0x0800324a                SSD1306_DrawLine
 .text.ssd1306_I2C_Init
                0x08003440       0x28 ./Core/Src/ssd1306.o
                0x08003440                ssd1306_I2C_Init
 .text.ssd1306_I2C_WriteMulti
                0x08003468       0xcc ./Core/Src/ssd1306.o
                0x08003468                ssd1306_I2C_WriteMulti
 .text.ssd1306_I2C_Write
                0x08003534       0x3c ./Core/Src/ssd1306.o
                0x08003534                ssd1306_I2C_Write
 .text.HAL_MspInit
                0x08003570       0x70 ./Core/Src/stm32f1xx_hal_msp.o
                0x08003570                HAL_MspInit
 .text.HAL_ADC_MspInit
                0x080035e0       0x88 ./Core/Src/stm32f1xx_hal_msp.o
                0x080035e0                HAL_ADC_MspInit
 .text.HAL_I2C_MspInit
                0x08003668       0x7c ./Core/Src/stm32f1xx_hal_msp.o
                0x08003668                HAL_I2C_MspInit
 .text.HAL_TIM_Base_MspInit
                0x080036e4       0xec ./Core/Src/stm32f1xx_hal_msp.o
                0x080036e4                HAL_TIM_Base_MspInit
 .text.HAL_TIM_MspPostInit
                0x080037d0       0x8c ./Core/Src/stm32f1xx_hal_msp.o
                0x080037d0                HAL_TIM_MspPostInit
 .text.HAL_UART_MspInit
                0x0800385c       0x98 ./Core/Src/stm32f1xx_hal_msp.o
                0x0800385c                HAL_UART_MspInit
 .text.HAL_InitTick
                0x080038f4       0xfc ./Core/Src/stm32f1xx_hal_timebase_tim.o
                0x080038f4                HAL_InitTick
 .text.NMI_Handler
                0x080039f0        0x8 ./Core/Src/stm32f1xx_it.o
                0x080039f0                NMI_Handler
 .text.HardFault_Handler
                0x080039f8        0x8 ./Core/Src/stm32f1xx_it.o
                0x080039f8                HardFault_Handler
 .text.MemManage_Handler
                0x08003a00        0x8 ./Core/Src/stm32f1xx_it.o
                0x08003a00                MemManage_Handler
 .text.BusFault_Handler
                0x08003a08        0x8 ./Core/Src/stm32f1xx_it.o
                0x08003a08                BusFault_Handler
 .text.UsageFault_Handler
                0x08003a10        0x8 ./Core/Src/stm32f1xx_it.o
                0x08003a10                UsageFault_Handler
 .text.DebugMon_Handler
                0x08003a18        0xc ./Core/Src/stm32f1xx_it.o
                0x08003a18                DebugMon_Handler
 .text.DMA1_Channel5_IRQHandler
                0x08003a24       0x14 ./Core/Src/stm32f1xx_it.o
                0x08003a24                DMA1_Channel5_IRQHandler
 .text.ADC1_2_IRQHandler
                0x08003a38       0x14 ./Core/Src/stm32f1xx_it.o
                0x08003a38                ADC1_2_IRQHandler
 .text.TIM3_IRQHandler
                0x08003a4c       0x14 ./Core/Src/stm32f1xx_it.o
                0x08003a4c                TIM3_IRQHandler
 .text.TIM4_IRQHandler
                0x08003a60       0x14 ./Core/Src/stm32f1xx_it.o
                0x08003a60                TIM4_IRQHandler
 .text._sbrk    0x08003a74       0x6c ./Core/Src/sysmem.o
                0x08003a74                _sbrk
 .text.SystemInit
                0x08003ae0        0xc ./Core/Src/system_stm32f1xx.o
                0x08003ae0                SystemInit
 .text.Reset_Handler
                0x08003aec       0x48 ./Core/Startup/startup_stm32f103c8tx.o
                0x08003aec                Reset_Handler
 .text.Default_Handler
                0x08003b34        0x2 ./Core/Startup/startup_stm32f103c8tx.o
                0x08003b34                RTC_Alarm_IRQHandler
                0x08003b34                EXTI2_IRQHandler
                0x08003b34                TIM1_CC_IRQHandler
                0x08003b34                PVD_IRQHandler
                0x08003b34                EXTI3_IRQHandler
                0x08003b34                EXTI0_IRQHandler
                0x08003b34                I2C2_EV_IRQHandler
                0x08003b34                SPI1_IRQHandler
                0x08003b34                TAMPER_IRQHandler
                0x08003b34                DMA1_Channel4_IRQHandler
                0x08003b34                USART3_IRQHandler
                0x08003b34                RTC_IRQHandler
                0x08003b34                DMA1_Channel7_IRQHandler
                0x08003b34                CAN1_RX1_IRQHandler
                0x08003b34                I2C1_EV_IRQHandler
                0x08003b34                DMA1_Channel6_IRQHandler
                0x08003b34                RCC_IRQHandler
                0x08003b34                TIM1_TRG_COM_IRQHandler
                0x08003b34                DMA1_Channel1_IRQHandler
                0x08003b34                Default_Handler
                0x08003b34                EXTI15_10_IRQHandler
                0x08003b34                EXTI9_5_IRQHandler
                0x08003b34                SPI2_IRQHandler
                0x08003b34                EXTI4_IRQHandler
                0x08003b34                USB_LP_CAN1_RX0_IRQHandler
                0x08003b34                USB_HP_CAN1_TX_IRQHandler
                0x08003b34                DMA1_Channel3_IRQHandler
                0x08003b34                TIM1_UP_IRQHandler
                0x08003b34                WWDG_IRQHandler
                0x08003b34                TIM2_IRQHandler
                0x08003b34                TIM1_BRK_IRQHandler
                0x08003b34                EXTI1_IRQHandler
                0x08003b34                USART2_IRQHandler
                0x08003b34                I2C2_ER_IRQHandler
                0x08003b34                DMA1_Channel2_IRQHandler
                0x08003b34                CAN1_SCE_IRQHandler
                0x08003b34                FLASH_IRQHandler
                0x08003b34                USART1_IRQHandler
                0x08003b34                I2C1_ER_IRQHandler
                0x08003b34                USBWakeUp_IRQHandler
 *fill*         0x08003b36        0x2 
 .text.HAL_Init
                0x08003b38       0x2c ./Drivers/STM32F1xx_HAL_Driver/Src/stm32f1xx_hal.o
                0x08003b38                HAL_Init
 .text.HAL_IncTick
                0x08003b64       0x24 ./Drivers/STM32F1xx_HAL_Driver/Src/stm32f1xx_hal.o
                0x08003b64                HAL_IncTick
 .text.HAL_GetTick
                0x08003b88       0x14 ./Drivers/STM32F1xx_HAL_Driver/Src/stm32f1xx_hal.o
                0x08003b88                HAL_GetTick
 .text.HAL_ADC_Init
                0x08003b9c      0x1b0 ./Drivers/STM32F1xx_HAL_Driver/Src/stm32f1xx_hal_adc.o
                0x08003b9c                HAL_ADC_Init
 .text.HAL_ADC_Start_IT
                0x08003d4c      0x16c ./Drivers/STM32F1xx_HAL_Driver/Src/stm32f1xx_hal_adc.o
                0x08003d4c                HAL_ADC_Start_IT
 .text.HAL_ADC_Stop_IT
                0x08003eb8       0x68 ./Drivers/STM32F1xx_HAL_Driver/Src/stm32f1xx_hal_adc.o
                0x08003eb8                HAL_ADC_Stop_IT
 .text.HAL_ADC_GetValue
                0x08003f20       0x18 ./Drivers/STM32F1xx_HAL_Driver/Src/stm32f1xx_hal_adc.o
                0x08003f20                HAL_ADC_GetValue
 .text.HAL_ADC_IRQHandler
                0x08003f38      0x17e ./Drivers/STM32F1xx_HAL_Driver/Src/stm32f1xx_hal_adc.o
                0x08003f38                HAL_ADC_IRQHandler
 .text.HAL_ADC_LevelOutOfWindowCallback
                0x080040b6       0x12 ./Drivers/STM32F1xx_HAL_Driver/Src/stm32f1xx_hal_adc.o
                0x080040b6                HAL_ADC_LevelOutOfWindowCallback
 .text.HAL_ADC_ConfigChannel
                0x080040c8      0x1f0 ./Drivers/STM32F1xx_HAL_Driver/Src/stm32f1xx_hal_adc.o
                0x080040c8                HAL_ADC_ConfigChannel
 .text.ADC_Enable
                0x080042b8       0xb4 ./Drivers/STM32F1xx_HAL_Driver/Src/stm32f1xx_hal_adc.o
                0x080042b8                ADC_Enable
 .text.ADC_ConversionStop_Disable
                0x0800436c       0x82 ./Drivers/STM32F1xx_HAL_Driver/Src/stm32f1xx_hal_adc.o
                0x0800436c                ADC_ConversionStop_Disable
 *fill*         0x080043ee        0x2 
 .text.HAL_ADCEx_Calibration_Start
                0x080043f0      0x15c ./Drivers/STM32F1xx_HAL_Driver/Src/stm32f1xx_hal_adc_ex.o
                0x080043f0                HAL_ADCEx_Calibration_Start
 .text.HAL_ADCEx_InjectedConvCpltCallback
                0x0800454c       0x12 ./Drivers/STM32F1xx_HAL_Driver/Src/stm32f1xx_hal_adc_ex.o
                0x0800454c                HAL_ADCEx_InjectedConvCpltCallback
 *fill*         0x0800455e        0x2 
 .text.__NVIC_SetPriorityGrouping
                0x08004560       0x48 ./Drivers/STM32F1xx_HAL_Driver/Src/stm32f1xx_hal_cortex.o
 .text.__NVIC_GetPriorityGrouping
                0x080045a8       0x1c ./Drivers/STM32F1xx_HAL_Driver/Src/stm32f1xx_hal_cortex.o
 .text.__NVIC_EnableIRQ
                0x080045c4       0x38 ./Drivers/STM32F1xx_HAL_Driver/Src/stm32f1xx_hal_cortex.o
 .text.__NVIC_SetPriority
                0x080045fc       0x54 ./Drivers/STM32F1xx_HAL_Driver/Src/stm32f1xx_hal_cortex.o
 .text.NVIC_EncodePriority
                0x08004650       0x64 ./Drivers/STM32F1xx_HAL_Driver/Src/stm32f1xx_hal_cortex.o
 .text.HAL_NVIC_SetPriorityGrouping
                0x080046b4       0x16 ./Drivers/STM32F1xx_HAL_Driver/Src/stm32f1xx_hal_cortex.o
                0x080046b4                HAL_NVIC_SetPriorityGrouping
 .text.HAL_NVIC_SetPriority
                0x080046ca       0x38 ./Drivers/STM32F1xx_HAL_Driver/Src/stm32f1xx_hal_cortex.o
                0x080046ca                HAL_NVIC_SetPriority
 .text.HAL_NVIC_EnableIRQ
                0x08004702       0x1c ./Drivers/STM32F1xx_HAL_Driver/Src/stm32f1xx_hal_cortex.o
                0x08004702                HAL_NVIC_EnableIRQ
 *fill*         0x0800471e        0x2 
 .text.HAL_DMA_Init
                0x08004720       0xb4 ./Drivers/STM32F1xx_HAL_Driver/Src/stm32f1xx_hal_dma.o
                0x08004720                HAL_DMA_Init
 .text.HAL_DMA_Start
                0x080047d4       0x86 ./Drivers/STM32F1xx_HAL_Driver/Src/stm32f1xx_hal_dma.o
                0x080047d4                HAL_DMA_Start
 *fill*         0x0800485a        0x2 
 .text.HAL_DMA_IRQHandler
                0x0800485c      0x20c ./Drivers/STM32F1xx_HAL_Driver/Src/stm32f1xx_hal_dma.o
                0x0800485c                HAL_DMA_IRQHandler
 .text.DMA_SetConfig
                0x08004a68       0x5a ./Drivers/STM32F1xx_HAL_Driver/Src/stm32f1xx_hal_dma.o
 *fill*         0x08004ac2        0x2 
 .text.HAL_GPIO_Init
                0x08004ac4      0x308 ./Drivers/STM32F1xx_HAL_Driver/Src/stm32f1xx_hal_gpio.o
                0x08004ac4                HAL_GPIO_Init
 .text.HAL_GPIO_ReadPin
                0x08004dcc       0x2e ./Drivers/STM32F1xx_HAL_Driver/Src/stm32f1xx_hal_gpio.o
                0x08004dcc                HAL_GPIO_ReadPin
 .text.HAL_GPIO_WritePin
                0x08004dfa       0x30 ./Drivers/STM32F1xx_HAL_Driver/Src/stm32f1xx_hal_gpio.o
                0x08004dfa                HAL_GPIO_WritePin
 .text.HAL_GPIO_TogglePin
                0x08004e2a       0x32 ./Drivers/STM32F1xx_HAL_Driver/Src/stm32f1xx_hal_gpio.o
                0x08004e2a                HAL_GPIO_TogglePin
 .text.HAL_I2C_Init
                0x08004e5c      0x288 ./Drivers/STM32F1xx_HAL_Driver/Src/stm32f1xx_hal_i2c.o
                0x08004e5c                HAL_I2C_Init
 .text.HAL_I2C_Master_Transmit
                0x080050e4      0x1fc ./Drivers/STM32F1xx_HAL_Driver/Src/stm32f1xx_hal_i2c.o
                0x080050e4                HAL_I2C_Master_Transmit
 .text.HAL_I2C_IsDeviceReady
                0x080052e0      0x25c ./Drivers/STM32F1xx_HAL_Driver/Src/stm32f1xx_hal_i2c.o
                0x080052e0                HAL_I2C_IsDeviceReady
 .text.I2C_MasterRequestWrite
                0x0800553c      0x104 ./Drivers/STM32F1xx_HAL_Driver/Src/stm32f1xx_hal_i2c.o
 .text.I2C_WaitOnFlagUntilTimeout
                0x08005640       0xf4 ./Drivers/STM32F1xx_HAL_Driver/Src/stm32f1xx_hal_i2c.o
 .text.I2C_WaitOnMasterAddressFlagUntilTimeout
                0x08005734      0x140 ./Drivers/STM32F1xx_HAL_Driver/Src/stm32f1xx_hal_i2c.o
 .text.I2C_WaitOnTXEFlagUntilTimeout
                0x08005874       0x90 ./Drivers/STM32F1xx_HAL_Driver/Src/stm32f1xx_hal_i2c.o
 .text.I2C_WaitOnBTFFlagUntilTimeout
                0x08005904       0x90 ./Drivers/STM32F1xx_HAL_Driver/Src/stm32f1xx_hal_i2c.o
 .text.I2C_IsAcknowledgeFailed
                0x08005994       0x5c ./Drivers/STM32F1xx_HAL_Driver/Src/stm32f1xx_hal_i2c.o
 .text.HAL_RCC_OscConfig
                0x080059f0      0x504 ./Drivers/STM32F1xx_HAL_Driver/Src/stm32f1xx_hal_rcc.o
                0x080059f0                HAL_RCC_OscConfig
 .text.HAL_RCC_ClockConfig
                0x08005ef4      0x1d4 ./Drivers/STM32F1xx_HAL_Driver/Src/stm32f1xx_hal_rcc.o
                0x08005ef4                HAL_RCC_ClockConfig
 .text.HAL_RCC_GetSysClockFreq
                0x080060c8       0xa8 ./Drivers/STM32F1xx_HAL_Driver/Src/stm32f1xx_hal_rcc.o
                0x080060c8                HAL_RCC_GetSysClockFreq
 .text.HAL_RCC_GetHCLKFreq
                0x08006170       0x14 ./Drivers/STM32F1xx_HAL_Driver/Src/stm32f1xx_hal_rcc.o
                0x08006170                HAL_RCC_GetHCLKFreq
 .text.HAL_RCC_GetPCLK1Freq
                0x08006184       0x28 ./Drivers/STM32F1xx_HAL_Driver/Src/stm32f1xx_hal_rcc.o
                0x08006184                HAL_RCC_GetPCLK1Freq
 .text.HAL_RCC_GetPCLK2Freq
                0x080061ac       0x28 ./Drivers/STM32F1xx_HAL_Driver/Src/stm32f1xx_hal_rcc.o
                0x080061ac                HAL_RCC_GetPCLK2Freq
 .text.HAL_RCC_GetClockConfig
                0x080061d4       0x60 ./Drivers/STM32F1xx_HAL_Driver/Src/stm32f1xx_hal_rcc.o
                0x080061d4                HAL_RCC_GetClockConfig
 .text.RCC_Delay
                0x08006234       0x3c ./Drivers/STM32F1xx_HAL_Driver/Src/stm32f1xx_hal_rcc.o
 .text.HAL_RCCEx_PeriphCLKConfig
                0x08006270      0x16c ./Drivers/STM32F1xx_HAL_Driver/Src/stm32f1xx_hal_rcc_ex.o
                0x08006270                HAL_RCCEx_PeriphCLKConfig
 .text.HAL_RCCEx_GetPeriphCLKFreq
                0x080063dc      0x16c ./Drivers/STM32F1xx_HAL_Driver/Src/stm32f1xx_hal_rcc_ex.o
                0x080063dc                HAL_RCCEx_GetPeriphCLKFreq
 .text.HAL_TIM_Base_Init
                0x08006548       0x9e ./Drivers/STM32F1xx_HAL_Driver/Src/stm32f1xx_hal_tim.o
                0x08006548                HAL_TIM_Base_Init
 *fill*         0x080065e6        0x2 
 .text.HAL_TIM_Base_Start
                0x080065e8       0x94 ./Drivers/STM32F1xx_HAL_Driver/Src/stm32f1xx_hal_tim.o
                0x080065e8                HAL_TIM_Base_Start
 .text.HAL_TIM_Base_Start_IT
                0x0800667c       0xa4 ./Drivers/STM32F1xx_HAL_Driver/Src/stm32f1xx_hal_tim.o
                0x0800667c                HAL_TIM_Base_Start_IT
 .text.HAL_TIM_PWM_Init
                0x08006720       0x9e ./Drivers/STM32F1xx_HAL_Driver/Src/stm32f1xx_hal_tim.o
                0x08006720                HAL_TIM_PWM_Init
 .text.HAL_TIM_PWM_MspInit
                0x080067be       0x12 ./Drivers/STM32F1xx_HAL_Driver/Src/stm32f1xx_hal_tim.o
                0x080067be                HAL_TIM_PWM_MspInit
 .text.HAL_TIM_PWM_Start
                0x080067d0      0x144 ./Drivers/STM32F1xx_HAL_Driver/Src/stm32f1xx_hal_tim.o
                0x080067d0                HAL_TIM_PWM_Start
 .text.HAL_TIM_IRQHandler
                0x08006914      0x210 ./Drivers/STM32F1xx_HAL_Driver/Src/stm32f1xx_hal_tim.o
                0x08006914                HAL_TIM_IRQHandler
 .text.HAL_TIM_PWM_ConfigChannel
                0x08006b24      0x184 ./Drivers/STM32F1xx_HAL_Driver/Src/stm32f1xx_hal_tim.o
                0x08006b24                HAL_TIM_PWM_ConfigChannel
 .text.HAL_TIM_ConfigClockSource
                0x08006ca8      0x18e ./Drivers/STM32F1xx_HAL_Driver/Src/stm32f1xx_hal_tim.o
                0x08006ca8                HAL_TIM_ConfigClockSource
 .text.HAL_TIM_OC_DelayElapsedCallback
                0x08006e36       0x12 ./Drivers/STM32F1xx_HAL_Driver/Src/stm32f1xx_hal_tim.o
                0x08006e36                HAL_TIM_OC_DelayElapsedCallback
 .text.HAL_TIM_IC_CaptureCallback
                0x08006e48       0x12 ./Drivers/STM32F1xx_HAL_Driver/Src/stm32f1xx_hal_tim.o
                0x08006e48                HAL_TIM_IC_CaptureCallback
 .text.HAL_TIM_PWM_PulseFinishedCallback
                0x08006e5a       0x12 ./Drivers/STM32F1xx_HAL_Driver/Src/stm32f1xx_hal_tim.o
                0x08006e5a                HAL_TIM_PWM_PulseFinishedCallback
 .text.HAL_TIM_TriggerCallback
                0x08006e6c       0x12 ./Drivers/STM32F1xx_HAL_Driver/Src/stm32f1xx_hal_tim.o
                0x08006e6c                HAL_TIM_TriggerCallback
 *fill*         0x08006e7e        0x2 
 .text.TIM_Base_SetConfig
                0x08006e80       0xc4 ./Drivers/STM32F1xx_HAL_Driver/Src/stm32f1xx_hal_tim.o
                0x08006e80                TIM_Base_SetConfig
 .text.TIM_OC1_SetConfig
                0x08006f44       0xcc ./Drivers/STM32F1xx_HAL_Driver/Src/stm32f1xx_hal_tim.o
 .text.TIM_OC2_SetConfig
                0x08007010       0xd4 ./Drivers/STM32F1xx_HAL_Driver/Src/stm32f1xx_hal_tim.o
                0x08007010                TIM_OC2_SetConfig
 .text.TIM_OC3_SetConfig
                0x080070e4       0xd4 ./Drivers/STM32F1xx_HAL_Driver/Src/stm32f1xx_hal_tim.o
 .text.TIM_OC4_SetConfig
                0x080071b8       0x9c ./Drivers/STM32F1xx_HAL_Driver/Src/stm32f1xx_hal_tim.o
 .text.TIM_TI1_ConfigInputStage
                0x08007254       0x5c ./Drivers/STM32F1xx_HAL_Driver/Src/stm32f1xx_hal_tim.o
 .text.TIM_TI2_ConfigInputStage
                0x080072b0       0x5e ./Drivers/STM32F1xx_HAL_Driver/Src/stm32f1xx_hal_tim.o
 .text.TIM_ITRx_SetConfig
                0x0800730e       0x34 ./Drivers/STM32F1xx_HAL_Driver/Src/stm32f1xx_hal_tim.o
 .text.TIM_ETR_SetConfig
                0x08007342       0x3e ./Drivers/STM32F1xx_HAL_Driver/Src/stm32f1xx_hal_tim.o
                0x08007342                TIM_ETR_SetConfig
 .text.TIM_CCxChannelCmd
                0x08007380       0x48 ./Drivers/STM32F1xx_HAL_Driver/Src/stm32f1xx_hal_tim.o
                0x08007380                TIM_CCxChannelCmd
 .text.HAL_TIMEx_MasterConfigSynchronization
                0x080073c8       0xbc ./Drivers/STM32F1xx_HAL_Driver/Src/stm32f1xx_hal_tim_ex.o
                0x080073c8                HAL_TIMEx_MasterConfigSynchronization
 .text.HAL_TIMEx_CommutCallback
                0x08007484       0x12 ./Drivers/STM32F1xx_HAL_Driver/Src/stm32f1xx_hal_tim_ex.o
                0x08007484                HAL_TIMEx_CommutCallback
 .text.HAL_TIMEx_BreakCallback
                0x08007496       0x12 ./Drivers/STM32F1xx_HAL_Driver/Src/stm32f1xx_hal_tim_ex.o
                0x08007496                HAL_TIMEx_BreakCallback
 .text.HAL_UART_Init
                0x080074a8       0xa0 ./Drivers/STM32F1xx_HAL_Driver/Src/stm32f1xx_hal_uart.o
                0x080074a8                HAL_UART_Init
 .text.HAL_UART_Transmit
                0x08007548      0x106 ./Drivers/STM32F1xx_HAL_Driver/Src/stm32f1xx_hal_uart.o
                0x08007548                HAL_UART_Transmit
 .text.UART_WaitOnFlagUntilTimeout
                0x0800764e       0xdc ./Drivers/STM32F1xx_HAL_Driver/Src/stm32f1xx_hal_uart.o
 *fill*         0x0800772a        0x2 
 .text.UART_SetConfig
                0x0800772c      0x11c ./Drivers/STM32F1xx_HAL_Driver/Src/stm32f1xx_hal_uart.o
 .text.osKernelInitialize
                0x08007848       0x64 ./Middlewares/Third_Party/FreeRTOS/Source/CMSIS_RTOS_V2/cmsis_os2.o
                0x08007848                osKernelInitialize
 .text.osKernelStart
                0x080078ac       0x68 ./Middlewares/Third_Party/FreeRTOS/Source/CMSIS_RTOS_V2/cmsis_os2.o
                0x080078ac                osKernelStart
 .text.osThreadNew
                0x08007914      0x154 ./Middlewares/Third_Party/FreeRTOS/Source/CMSIS_RTOS_V2/cmsis_os2.o
                0x08007914                osThreadNew
 .text.osThreadGetStackSpace
                0x08007a68       0x5c ./Middlewares/Third_Party/FreeRTOS/Source/CMSIS_RTOS_V2/cmsis_os2.o
                0x08007a68                osThreadGetStackSpace
 .text.osDelay  0x08007ac4       0x5c ./Middlewares/Third_Party/FreeRTOS/Source/CMSIS_RTOS_V2/cmsis_os2.o
                0x08007ac4                osDelay
 .text.osSemaphoreNew
                0x08007b20      0x138 ./Middlewares/Third_Party/FreeRTOS/Source/CMSIS_RTOS_V2/cmsis_os2.o
                0x08007b20                osSemaphoreNew
 .text.osSemaphoreAcquire
                0x08007c58       0xcc ./Middlewares/Third_Party/FreeRTOS/Source/CMSIS_RTOS_V2/cmsis_os2.o
                0x08007c58                osSemaphoreAcquire
 .text.osSemaphoreRelease
                0x08007d24       0xb0 ./Middlewares/Third_Party/FreeRTOS/Source/CMSIS_RTOS_V2/cmsis_os2.o
                0x08007d24                osSemaphoreRelease
 .text.vApplicationGetIdleTaskMemory
                0x08007dd4       0x30 ./Middlewares/Third_Party/FreeRTOS/Source/CMSIS_RTOS_V2/cmsis_os2.o
                0x08007dd4                vApplicationGetIdleTaskMemory
 .text.vApplicationGetTimerTaskMemory
                0x08007e04       0x34 ./Middlewares/Third_Party/FreeRTOS/Source/CMSIS_RTOS_V2/cmsis_os2.o
                0x08007e04                vApplicationGetTimerTaskMemory
 .text.vListInitialise
                0x08007e38       0x3e ./Middlewares/Third_Party/FreeRTOS/Source/list.o
                0x08007e38                vListInitialise
 .text.vListInitialiseItem
                0x08007e76       0x18 ./Middlewares/Third_Party/FreeRTOS/Source/list.o
                0x08007e76                vListInitialiseItem
 .text.vListInsertEnd
                0x08007e8e       0x46 ./Middlewares/Third_Party/FreeRTOS/Source/list.o
                0x08007e8e                vListInsertEnd
 .text.vListInsert
                0x08007ed4       0x70 ./Middlewares/Third_Party/FreeRTOS/Source/list.o
                0x08007ed4                vListInsert
 .text.uxListRemove
                0x08007f44       0x52 ./Middlewares/Third_Party/FreeRTOS/Source/list.o
                0x08007f44                uxListRemove
 *fill*         0x08007f96        0x2 
 .text.xQueueGenericReset
                0x08007f98       0xd4 ./Middlewares/Third_Party/FreeRTOS/Source/queue.o
                0x08007f98                xQueueGenericReset
 .text.xQueueGenericCreateStatic
                0x0800806c       0xf8 ./Middlewares/Third_Party/FreeRTOS/Source/queue.o
                0x0800806c                xQueueGenericCreateStatic
 .text.xQueueGenericCreate
                0x08008164       0x7e ./Middlewares/Third_Party/FreeRTOS/Source/queue.o
                0x08008164                xQueueGenericCreate
 .text.prvInitialiseNewQueue
                0x080081e2       0x46 ./Middlewares/Third_Party/FreeRTOS/Source/queue.o
 .text.xQueueCreateCountingSemaphoreStatic
                0x08008228       0x72 ./Middlewares/Third_Party/FreeRTOS/Source/queue.o
                0x08008228                xQueueCreateCountingSemaphoreStatic
 .text.xQueueCreateCountingSemaphore
                0x0800829a       0x6a ./Middlewares/Third_Party/FreeRTOS/Source/queue.o
                0x0800829a                xQueueCreateCountingSemaphore
 .text.xQueueGenericSend
                0x08008304      0x204 ./Middlewares/Third_Party/FreeRTOS/Source/queue.o
                0x08008304                xQueueGenericSend
 .text.xQueueGenericSendFromISR
                0x08008508      0x136 ./Middlewares/Third_Party/FreeRTOS/Source/queue.o
                0x08008508                xQueueGenericSendFromISR
 .text.xQueueGiveFromISR
                0x0800863e      0x120 ./Middlewares/Third_Party/FreeRTOS/Source/queue.o
                0x0800863e                xQueueGiveFromISR
 *fill*         0x0800875e        0x2 
 .text.xQueueReceive
                0x08008760      0x1c4 ./Middlewares/Third_Party/FreeRTOS/Source/queue.o
                0x08008760                xQueueReceive
 .text.xQueueSemaphoreTake
                0x08008924      0x220 ./Middlewares/Third_Party/FreeRTOS/Source/queue.o
                0x08008924                xQueueSemaphoreTake
 .text.xQueueReceiveFromISR
                0x08008b44      0x104 ./Middlewares/Third_Party/FreeRTOS/Source/queue.o
                0x08008b44                xQueueReceiveFromISR
 .text.vQueueDelete
                0x08008c48       0x48 ./Middlewares/Third_Party/FreeRTOS/Source/queue.o
                0x08008c48                vQueueDelete
 .text.prvGetDisinheritPriorityAfterTimeout
                0x08008c90       0x2e ./Middlewares/Third_Party/FreeRTOS/Source/queue.o
 .text.prvCopyDataToQueue
                0x08008cbe       0xd4 ./Middlewares/Third_Party/FreeRTOS/Source/queue.o
 .text.prvCopyDataFromQueue
                0x08008d92       0x4c ./Middlewares/Third_Party/FreeRTOS/Source/queue.o
 .text.prvUnlockQueue
                0x08008dde       0xa4 ./Middlewares/Third_Party/FreeRTOS/Source/queue.o
 .text.prvIsQueueEmpty
                0x08008e82       0x2c ./Middlewares/Third_Party/FreeRTOS/Source/queue.o
 .text.prvIsQueueFull
                0x08008eae       0x30 ./Middlewares/Third_Party/FreeRTOS/Source/queue.o
 *fill*         0x08008ede        0x2 
 .text.vQueueAddToRegistry
                0x08008ee0       0x50 ./Middlewares/Third_Party/FreeRTOS/Source/queue.o
                0x08008ee0                vQueueAddToRegistry
 .text.vQueueUnregisterQueue
                0x08008f30       0x54 ./Middlewares/Third_Party/FreeRTOS/Source/queue.o
                0x08008f30                vQueueUnregisterQueue
 .text.vQueueWaitForMessageRestricted
                0x08008f84       0x68 ./Middlewares/Third_Party/FreeRTOS/Source/queue.o
                0x08008f84                vQueueWaitForMessageRestricted
 .text.xTaskCreateStatic
                0x08008fec       0xbe ./Middlewares/Third_Party/FreeRTOS/Source/tasks.o
                0x08008fec                xTaskCreateStatic
 .text.xTaskCreate
                0x080090aa       0x8a ./Middlewares/Third_Party/FreeRTOS/Source/tasks.o
                0x080090aa                xTaskCreate
 .text.prvInitialiseNewTask
                0x08009134      0x144 ./Middlewares/Third_Party/FreeRTOS/Source/tasks.o
 .text.prvAddNewTaskToReadyList
                0x08009278       0xe0 ./Middlewares/Third_Party/FreeRTOS/Source/tasks.o
 .text.vTaskDelay
                0x08009358       0x6c ./Middlewares/Third_Party/FreeRTOS/Source/tasks.o
                0x08009358                vTaskDelay
 .text.vTaskStartScheduler
                0x080093c4       0xe0 ./Middlewares/Third_Party/FreeRTOS/Source/tasks.o
                0x080093c4                vTaskStartScheduler
 .text.vTaskSuspendAll
                0x080094a4       0x1c ./Middlewares/Third_Party/FreeRTOS/Source/tasks.o
                0x080094a4                vTaskSuspendAll
 .text.xTaskResumeAll
                0x080094c0      0x13c ./Middlewares/Third_Party/FreeRTOS/Source/tasks.o
                0x080094c0                xTaskResumeAll
 .text.xTaskGetTickCount
                0x080095fc       0x1c ./Middlewares/Third_Party/FreeRTOS/Source/tasks.o
                0x080095fc                xTaskGetTickCount
 .text.xTaskIncrementTick
                0x08009618      0x180 ./Middlewares/Third_Party/FreeRTOS/Source/tasks.o
                0x08009618                xTaskIncrementTick
 .text.vTaskSetApplicationTaskTag
                0x08009798       0x38 ./Middlewares/Third_Party/FreeRTOS/Source/tasks.o
                0x08009798                vTaskSetApplicationTaskTag
 .text.vTaskSwitchContext
                0x080097d0       0xe0 ./Middlewares/Third_Party/FreeRTOS/Source/tasks.o
                0x080097d0                vTaskSwitchContext
 .text.vTaskPlaceOnEventList
                0x080098b0       0x4c ./Middlewares/Third_Party/FreeRTOS/Source/tasks.o
                0x080098b0                vTaskPlaceOnEventList
 .text.vTaskPlaceOnEventListRestricted
                0x080098fc       0x58 ./Middlewares/Third_Party/FreeRTOS/Source/tasks.o
                0x080098fc                vTaskPlaceOnEventListRestricted
 .text.xTaskRemoveFromEventList
                0x08009954       0xc8 ./Middlewares/Third_Party/FreeRTOS/Source/tasks.o
                0x08009954                xTaskRemoveFromEventList
 .text.vTaskInternalSetTimeOutState
                0x08009a1c       0x2c ./Middlewares/Third_Party/FreeRTOS/Source/tasks.o
                0x08009a1c                vTaskInternalSetTimeOutState
 .text.xTaskCheckForTimeOut
                0x08009a48       0xc8 ./Middlewares/Third_Party/FreeRTOS/Source/tasks.o
                0x08009a48                xTaskCheckForTimeOut
 .text.vTaskMissedYield
                0x08009b10       0x18 ./Middlewares/Third_Party/FreeRTOS/Source/tasks.o
                0x08009b10                vTaskMissedYield
 .text.prvIdleTask
                0x08009b28       0x30 ./Middlewares/Third_Party/FreeRTOS/Source/tasks.o
 .text.prvInitialiseTaskLists
                0x08009b58       0x80 ./Middlewares/Third_Party/FreeRTOS/Source/tasks.o
 .text.prvCheckTasksWaitingTermination
                0x08009bd8       0x5c ./Middlewares/Third_Party/FreeRTOS/Source/tasks.o
 .text.prvTaskCheckFreeStackSpace
                0x08009c34       0x36 ./Middlewares/Third_Party/FreeRTOS/Source/tasks.o
 *fill*         0x08009c6a        0x2 
 .text.uxTaskGetStackHighWaterMark
                0x08009c6c       0x38 ./Middlewares/Third_Party/FreeRTOS/Source/tasks.o
                0x08009c6c                uxTaskGetStackHighWaterMark
 .text.prvDeleteTCB
                0x08009ca4       0x6a ./Middlewares/Third_Party/FreeRTOS/Source/tasks.o
 *fill*         0x08009d0e        0x2 
 .text.prvResetNextTaskUnblockTime
                0x08009d10       0x48 ./Middlewares/Third_Party/FreeRTOS/Source/tasks.o
 .text.xTaskGetSchedulerState
                0x08009d58       0x3c ./Middlewares/Third_Party/FreeRTOS/Source/tasks.o
                0x08009d58                xTaskGetSchedulerState
 .text.xTaskPriorityInherit
                0x08009d94       0xdc ./Middlewares/Third_Party/FreeRTOS/Source/tasks.o
                0x08009d94                xTaskPriorityInherit
 .text.xTaskPriorityDisinherit
                0x08009e70       0xe0 ./Middlewares/Third_Party/FreeRTOS/Source/tasks.o
                0x08009e70                xTaskPriorityDisinherit
 .text.vTaskPriorityDisinheritAfterTimeout
                0x08009f50      0x110 ./Middlewares/Third_Party/FreeRTOS/Source/tasks.o
                0x08009f50                vTaskPriorityDisinheritAfterTimeout
 .text.pvTaskIncrementMutexHeldCount
                0x0800a060       0x28 ./Middlewares/Third_Party/FreeRTOS/Source/tasks.o
                0x0800a060                pvTaskIncrementMutexHeldCount
 .text.prvAddCurrentTaskToDelayedList
                0x0800a088       0xa8 ./Middlewares/Third_Party/FreeRTOS/Source/tasks.o
 .text.xTimerCreateTimerTask
                0x0800a130       0x94 ./Middlewares/Third_Party/FreeRTOS/Source/timers.o
                0x0800a130                xTimerCreateTimerTask
 .text.xTimerGenericCommand
                0x0800a1c4       0x9c ./Middlewares/Third_Party/FreeRTOS/Source/timers.o
                0x0800a1c4                xTimerGenericCommand
 .text.prvProcessExpiredTimer
                0x0800a260       0x84 ./Middlewares/Third_Party/FreeRTOS/Source/timers.o
 .text.prvTimerTask
                0x0800a2e4       0x26 ./Middlewares/Third_Party/FreeRTOS/Source/timers.o
 *fill*         0x0800a30a        0x2 
 .text.prvProcessTimerOrBlockTask
                0x0800a30c       0x9c ./Middlewares/Third_Party/FreeRTOS/Source/timers.o
 .text.prvGetNextExpireTime
                0x0800a3a8       0x48 ./Middlewares/Third_Party/FreeRTOS/Source/timers.o
 .text.prvSampleTimeNow
                0x0800a3f0       0x40 ./Middlewares/Third_Party/FreeRTOS/Source/timers.o
 .text.prvInsertTimerInActiveList
                0x0800a430       0x84 ./Middlewares/Third_Party/FreeRTOS/Source/timers.o
 .text.prvProcessReceivedCommands
                0x0800a4b4      0x178 ./Middlewares/Third_Party/FreeRTOS/Source/timers.o
 .text.prvSwitchTimerLists
                0x0800a62c       0xc4 ./Middlewares/Third_Party/FreeRTOS/Source/timers.o
 .text.prvCheckForValidListAndQueue
                0x0800a6f0       0x80 ./Middlewares/Third_Party/FreeRTOS/Source/timers.o
 .text.pxPortInitialiseStack
                0x0800a770       0x58 ./Middlewares/Third_Party/FreeRTOS/Source/portable/GCC/ARM_CM3/port.o
                0x0800a770                pxPortInitialiseStack
 .text.prvTaskExitError
                0x0800a7c8       0x58 ./Middlewares/Third_Party/FreeRTOS/Source/portable/GCC/ARM_CM3/port.o
 .text.SVC_Handler
                0x0800a820       0x28 ./Middlewares/Third_Party/FreeRTOS/Source/portable/GCC/ARM_CM3/port.o
                0x0800a820                SVC_Handler
 .text.prvPortStartFirstTask
                0x0800a848       0x20 ./Middlewares/Third_Party/FreeRTOS/Source/portable/GCC/ARM_CM3/port.o
 .text.xPortStartScheduler
                0x0800a868       0xe4 ./Middlewares/Third_Party/FreeRTOS/Source/portable/GCC/ARM_CM3/port.o
                0x0800a868                xPortStartScheduler
 .text.vPortEnterCritical
                0x0800a94c       0x60 ./Middlewares/Third_Party/FreeRTOS/Source/portable/GCC/ARM_CM3/port.o
                0x0800a94c                vPortEnterCritical
 .text.vPortExitCritical
                0x0800a9ac       0x54 ./Middlewares/Third_Party/FreeRTOS/Source/portable/GCC/ARM_CM3/port.o
                0x0800a9ac                vPortExitCritical
 .text.PendSV_Handler
                0x0800aa00       0x48 ./Middlewares/Third_Party/FreeRTOS/Source/portable/GCC/ARM_CM3/port.o
                0x0800aa00                PendSV_Handler
 .text.SysTick_Handler
                0x0800aa48       0x44 ./Middlewares/Third_Party/FreeRTOS/Source/portable/GCC/ARM_CM3/port.o
                0x0800aa48                SysTick_Handler
 .text.vPortSetupTimerInterrupt
                0x0800aa8c       0x44 ./Middlewares/Third_Party/FreeRTOS/Source/portable/GCC/ARM_CM3/port.o
                0x0800aa8c                vPortSetupTimerInterrupt
 .text.vPortValidateInterruptPriority
                0x0800aad0       0x80 ./Middlewares/Third_Party/FreeRTOS/Source/portable/GCC/ARM_CM3/port.o
                0x0800aad0                vPortValidateInterruptPriority
 .text.pvPortMalloc
                0x0800ab50      0x190 ./Middlewares/Third_Party/FreeRTOS/Source/portable/MemMang/heap_4.o
                0x0800ab50                pvPortMalloc
 .text.vPortFree
                0x0800ace0       0xb8 ./Middlewares/Third_Party/FreeRTOS/Source/portable/MemMang/heap_4.o
                0x0800ace0                vPortFree
 .text.xPortGetFreeHeapSize
                0x0800ad98       0x14 ./Middlewares/Third_Party/FreeRTOS/Source/portable/MemMang/heap_4.o
                0x0800ad98                xPortGetFreeHeapSize
 .text.prvHeapInit
                0x0800adac       0xc4 ./Middlewares/Third_Party/FreeRTOS/Source/portable/MemMang/heap_4.o
 .text.prvInsertBlockIntoFreeList
                0x0800ae70       0xb0 ./Middlewares/Third_Party/FreeRTOS/Source/portable/MemMang/heap_4.o
 .text.__itoa   0x0800af20       0x30 C:/Sistemas_embebidos/ST/STM32CubeIDE_1.14.1/STM32CubeIDE/plugins/com.st.stm32cube.ide.mcu.externaltools.gnu-tools-for-stm32.12.3.rel1.win32_1.0.200.202406191623/tools/bin/../lib/gcc/arm-none-eabi/12.3.1/../../../../arm-none-eabi/lib/thumb/v7-m/nofp\libc_nano.a(libc_a-itoa.o)
                0x0800af20                __itoa
 .text.itoa     0x0800af50        0x4 C:/Sistemas_embebidos/ST/STM32CubeIDE_1.14.1/STM32CubeIDE/plugins/com.st.stm32cube.ide.mcu.externaltools.gnu-tools-for-stm32.12.3.rel1.win32_1.0.200.202406191623/tools/bin/../lib/gcc/arm-none-eabi/12.3.1/../../../../arm-none-eabi/lib/thumb/v7-m/nofp\libc_nano.a(libc_a-itoa.o)
                0x0800af50                itoa
 .text.__utoa   0x0800af54       0x84 C:/Sistemas_embebidos/ST/STM32CubeIDE_1.14.1/STM32CubeIDE/plugins/com.st.stm32cube.ide.mcu.externaltools.gnu-tools-for-stm32.12.3.rel1.win32_1.0.200.202406191623/tools/bin/../lib/gcc/arm-none-eabi/12.3.1/../../../../arm-none-eabi/lib/thumb/v7-m/nofp\libc_nano.a(libc_a-utoa.o)
                0x0800af54                __utoa
 .text.snprintf
                0x0800afd8       0x68 C:/Sistemas_embebidos/ST/STM32CubeIDE_1.14.1/STM32CubeIDE/plugins/com.st.stm32cube.ide.mcu.externaltools.gnu-tools-for-stm32.12.3.rel1.win32_1.0.200.202406191623/tools/bin/../lib/gcc/arm-none-eabi/12.3.1/../../../../arm-none-eabi/lib/thumb/v7-m/nofp\libc_nano.a(libc_a-snprintf.o)
                0x0800afd8                sniprintf
                0x0800afd8                snprintf
 .text.memset   0x0800b040       0x10 C:/Sistemas_embebidos/ST/STM32CubeIDE_1.14.1/STM32CubeIDE/plugins/com.st.stm32cube.ide.mcu.externaltools.gnu-tools-for-stm32.12.3.rel1.win32_1.0.200.202406191623/tools/bin/../lib/gcc/arm-none-eabi/12.3.1/../../../../arm-none-eabi/lib/thumb/v7-m/nofp\libc_nano.a(libc_a-memset.o)
                0x0800b040                memset
 .text._reclaim_reent
                0x0800b050       0xac C:/Sistemas_embebidos/ST/STM32CubeIDE_1.14.1/STM32CubeIDE/plugins/com.st.stm32cube.ide.mcu.externaltools.gnu-tools-for-stm32.12.3.rel1.win32_1.0.200.202406191623/tools/bin/../lib/gcc/arm-none-eabi/12.3.1/../../../../arm-none-eabi/lib/thumb/v7-m/nofp\libc_nano.a(libc_a-reent.o)
                0x0800b050                _reclaim_reent
 .text.__errno  0x0800b0fc        0xc C:/Sistemas_embebidos/ST/STM32CubeIDE_1.14.1/STM32CubeIDE/plugins/com.st.stm32cube.ide.mcu.externaltools.gnu-tools-for-stm32.12.3.rel1.win32_1.0.200.202406191623/tools/bin/../lib/gcc/arm-none-eabi/12.3.1/../../../../arm-none-eabi/lib/thumb/v7-m/nofp\libc_nano.a(libc_a-errno.o)
                0x0800b0fc                __errno
 .text.__libc_init_array
                0x0800b108       0x48 C:/Sistemas_embebidos/ST/STM32CubeIDE_1.14.1/STM32CubeIDE/plugins/com.st.stm32cube.ide.mcu.externaltools.gnu-tools-for-stm32.12.3.rel1.win32_1.0.200.202406191623/tools/bin/../lib/gcc/arm-none-eabi/12.3.1/../../../../arm-none-eabi/lib/thumb/v7-m/nofp\libc_nano.a(libc_a-init.o)
                0x0800b108                __libc_init_array
 .text.__retarget_lock_acquire_recursive
                0x0800b150        0x2 C:/Sistemas_embebidos/ST/STM32CubeIDE_1.14.1/STM32CubeIDE/plugins/com.st.stm32cube.ide.mcu.externaltools.gnu-tools-for-stm32.12.3.rel1.win32_1.0.200.202406191623/tools/bin/../lib/gcc/arm-none-eabi/12.3.1/../../../../arm-none-eabi/lib/thumb/v7-m/nofp\libc_nano.a(libc_a-lock.o)
                0x0800b150                __retarget_lock_acquire_recursive
 .text.__retarget_lock_release_recursive
                0x0800b152        0x2 C:/Sistemas_embebidos/ST/STM32CubeIDE_1.14.1/STM32CubeIDE/plugins/com.st.stm32cube.ide.mcu.externaltools.gnu-tools-for-stm32.12.3.rel1.win32_1.0.200.202406191623/tools/bin/../lib/gcc/arm-none-eabi/12.3.1/../../../../arm-none-eabi/lib/thumb/v7-m/nofp\libc_nano.a(libc_a-lock.o)
                0x0800b152                __retarget_lock_release_recursive
 .text.memcpy   0x0800b154       0x1c C:/Sistemas_embebidos/ST/STM32CubeIDE_1.14.1/STM32CubeIDE/plugins/com.st.stm32cube.ide.mcu.externaltools.gnu-tools-for-stm32.12.3.rel1.win32_1.0.200.202406191623/tools/bin/../lib/gcc/arm-none-eabi/12.3.1/../../../../arm-none-eabi/lib/thumb/v7-m/nofp\libc_nano.a(libc_a-memcpy-stub.o)
                0x0800b154                memcpy
 .text._free_r  0x0800b170       0x90 C:/Sistemas_embebidos/ST/STM32CubeIDE_1.14.1/STM32CubeIDE/plugins/com.st.stm32cube.ide.mcu.externaltools.gnu-tools-for-stm32.12.3.rel1.win32_1.0.200.202406191623/tools/bin/../lib/gcc/arm-none-eabi/12.3.1/../../../../arm-none-eabi/lib/thumb/v7-m/nofp\libc_nano.a(libc_a-freer.o)
                0x0800b170                _free_r
 .text.sbrk_aligned
                0x0800b200       0x44 C:/Sistemas_embebidos/ST/STM32CubeIDE_1.14.1/STM32CubeIDE/plugins/com.st.stm32cube.ide.mcu.externaltools.gnu-tools-for-stm32.12.3.rel1.win32_1.0.200.202406191623/tools/bin/../lib/gcc/arm-none-eabi/12.3.1/../../../../arm-none-eabi/lib/thumb/v7-m/nofp\libc_nano.a(libc_a-mallocr.o)
 .text._malloc_r
                0x0800b244      0x100 C:/Sistemas_embebidos/ST/STM32CubeIDE_1.14.1/STM32CubeIDE/plugins/com.st.stm32cube.ide.mcu.externaltools.gnu-tools-for-stm32.12.3.rel1.win32_1.0.200.202406191623/tools/bin/../lib/gcc/arm-none-eabi/12.3.1/../../../../arm-none-eabi/lib/thumb/v7-m/nofp\libc_nano.a(libc_a-mallocr.o)
                0x0800b244                _malloc_r
 .text.__malloc_lock
                0x0800b344        0xc C:/Sistemas_embebidos/ST/STM32CubeIDE_1.14.1/STM32CubeIDE/plugins/com.st.stm32cube.ide.mcu.externaltools.gnu-tools-for-stm32.12.3.rel1.win32_1.0.200.202406191623/tools/bin/../lib/gcc/arm-none-eabi/12.3.1/../../../../arm-none-eabi/lib/thumb/v7-m/nofp\libc_nano.a(libc_a-mlock.o)
                0x0800b344                __malloc_lock
 .text.__malloc_unlock
                0x0800b350        0xc C:/Sistemas_embebidos/ST/STM32CubeIDE_1.14.1/STM32CubeIDE/plugins/com.st.stm32cube.ide.mcu.externaltools.gnu-tools-for-stm32.12.3.rel1.win32_1.0.200.202406191623/tools/bin/../lib/gcc/arm-none-eabi/12.3.1/../../../../arm-none-eabi/lib/thumb/v7-m/nofp\libc_nano.a(libc_a-mlock.o)
                0x0800b350                __malloc_unlock
 .text.__ssputs_r
                0x0800b35c       0xb6 C:/Sistemas_embebidos/ST/STM32CubeIDE_1.14.1/STM32CubeIDE/plugins/com.st.stm32cube.ide.mcu.externaltools.gnu-tools-for-stm32.12.3.rel1.win32_1.0.200.202406191623/tools/bin/../lib/gcc/arm-none-eabi/12.3.1/../../../../arm-none-eabi/lib/thumb/v7-m/nofp\libc_nano.a(libc_a-nano-svfprintf.o)
                0x0800b35c                __ssputs_r
 *fill*         0x0800b412        0x2 
 .text._svfprintf_r
                0x0800b414      0x1f8 C:/Sistemas_embebidos/ST/STM32CubeIDE_1.14.1/STM32CubeIDE/plugins/com.st.stm32cube.ide.mcu.externaltools.gnu-tools-for-stm32.12.3.rel1.win32_1.0.200.202406191623/tools/bin/../lib/gcc/arm-none-eabi/12.3.1/../../../../arm-none-eabi/lib/thumb/v7-m/nofp\libc_nano.a(libc_a-nano-svfprintf.o)
                0x0800b414                _svfiprintf_r
                0x0800b414                _svfprintf_r
 .text._printf_common
                0x0800b60c       0xe4 C:/Sistemas_embebidos/ST/STM32CubeIDE_1.14.1/STM32CubeIDE/plugins/com.st.stm32cube.ide.mcu.externaltools.gnu-tools-for-stm32.12.3.rel1.win32_1.0.200.202406191623/tools/bin/../lib/gcc/arm-none-eabi/12.3.1/../../../../arm-none-eabi/lib/thumb/v7-m/nofp\libc_nano.a(libc_a-nano-vfprintf_i.o)
                0x0800b60c                _printf_common
 .text._printf_i
                0x0800b6f0      0x240 C:/Sistemas_embebidos/ST/STM32CubeIDE_1.14.1/STM32CubeIDE/plugins/com.st.stm32cube.ide.mcu.externaltools.gnu-tools-for-stm32.12.3.rel1.win32_1.0.200.202406191623/tools/bin/../lib/gcc/arm-none-eabi/12.3.1/../../../../arm-none-eabi/lib/thumb/v7-m/nofp\libc_nano.a(libc_a-nano-vfprintf_i.o)
                0x0800b6f0                _printf_i
 .text.memmove  0x0800b930       0x34 C:/Sistemas_embebidos/ST/STM32CubeIDE_1.14.1/STM32CubeIDE/plugins/com.st.stm32cube.ide.mcu.externaltools.gnu-tools-for-stm32.12.3.rel1.win32_1.0.200.202406191623/tools/bin/../lib/gcc/arm-none-eabi/12.3.1/../../../../arm-none-eabi/lib/thumb/v7-m/nofp\libc_nano.a(libc_a-memmove.o)
                0x0800b930                memmove
 .text._sbrk_r  0x0800b964       0x20 C:/Sistemas_embebidos/ST/STM32CubeIDE_1.14.1/STM32CubeIDE/plugins/com.st.stm32cube.ide.mcu.externaltools.gnu-tools-for-stm32.12.3.rel1.win32_1.0.200.202406191623/tools/bin/../lib/gcc/arm-none-eabi/12.3.1/../../../../arm-none-eabi/lib/thumb/v7-m/nofp\libc_nano.a(libc_a-sbrkr.o)
                0x0800b964                _sbrk_r
 .text.memchr   0x0800b984       0x1c C:/Sistemas_embebidos/ST/STM32CubeIDE_1.14.1/STM32CubeIDE/plugins/com.st.stm32cube.ide.mcu.externaltools.gnu-tools-for-stm32.12.3.rel1.win32_1.0.200.202406191623/tools/bin/../lib/gcc/arm-none-eabi/12.3.1/../../../../arm-none-eabi/lib/thumb/v7-m/nofp\libc_nano.a(libc_a-memchr-stub.o)
                0x0800b984                memchr
 .text._realloc_r
                0x0800b9a0       0x5c C:/Sistemas_embebidos/ST/STM32CubeIDE_1.14.1/STM32CubeIDE/plugins/com.st.stm32cube.ide.mcu.externaltools.gnu-tools-for-stm32.12.3.rel1.win32_1.0.200.202406191623/tools/bin/../lib/gcc/arm-none-eabi/12.3.1/../../../../arm-none-eabi/lib/thumb/v7-m/nofp\libc_nano.a(libc_a-reallocr.o)
                0x0800b9a0                _realloc_r
 .text._malloc_usable_size_r
                0x0800b9fc       0x10 C:/Sistemas_embebidos/ST/STM32CubeIDE_1.14.1/STM32CubeIDE/plugins/com.st.stm32cube.ide.mcu.externaltools.gnu-tools-for-stm32.12.3.rel1.win32_1.0.200.202406191623/tools/bin/../lib/gcc/arm-none-eabi/12.3.1/../../../../arm-none-eabi/lib/thumb/v7-m/nofp\libc_nano.a(libc_a-msizer.o)
                0x0800b9fc                _malloc_usable_size_r
 .text.sqrt     0x0800ba0c       0x48 C:/Sistemas_embebidos/ST/STM32CubeIDE_1.14.1/STM32CubeIDE/plugins/com.st.stm32cube.ide.mcu.externaltools.gnu-tools-for-stm32.12.3.rel1.win32_1.0.200.202406191623/tools/bin/../lib/gcc/arm-none-eabi/12.3.1/../../../../arm-none-eabi/lib/thumb/v7-m/nofp\libm.a(libm_a-w_sqrt.o)
                0x0800ba0c                sqrt
 .text.sin      0x0800ba54       0x8c C:/Sistemas_embebidos/ST/STM32CubeIDE_1.14.1/STM32CubeIDE/plugins/com.st.stm32cube.ide.mcu.externaltools.gnu-tools-for-stm32.12.3.rel1.win32_1.0.200.202406191623/tools/bin/../lib/gcc/arm-none-eabi/12.3.1/../../../../arm-none-eabi/lib/thumb/v7-m/nofp\libm.a(libm_a-s_sin.o)
                0x0800ba54                sin
 .text.__ieee754_sqrt
                0x0800bae0      0x1ac C:/Sistemas_embebidos/ST/STM32CubeIDE_1.14.1/STM32CubeIDE/plugins/com.st.stm32cube.ide.mcu.externaltools.gnu-tools-for-stm32.12.3.rel1.win32_1.0.200.202406191623/tools/bin/../lib/gcc/arm-none-eabi/12.3.1/../../../../arm-none-eabi/lib/thumb/v7-m/nofp\libm.a(libm_a-e_sqrt.o)
                0x0800bae0                __ieee754_sqrt
 *fill*         0x0800bc8c        0x4 
 .text.__kernel_cos
                0x0800bc90      0x17c C:/Sistemas_embebidos/ST/STM32CubeIDE_1.14.1/STM32CubeIDE/plugins/com.st.stm32cube.ide.mcu.externaltools.gnu-tools-for-stm32.12.3.rel1.win32_1.0.200.202406191623/tools/bin/../lib/gcc/arm-none-eabi/12.3.1/../../../../arm-none-eabi/lib/thumb/v7-m/nofp\libm.a(libm_a-k_cos.o)
                0x0800bc90                __kernel_cos
 *fill*         0x0800be0c        0x4 
 .text.__kernel_sin
                0x0800be10      0x16c C:/Sistemas_embebidos/ST/STM32CubeIDE_1.14.1/STM32CubeIDE/plugins/com.st.stm32cube.ide.mcu.externaltools.gnu-tools-for-stm32.12.3.rel1.win32_1.0.200.202406191623/tools/bin/../lib/gcc/arm-none-eabi/12.3.1/../../../../arm-none-eabi/lib/thumb/v7-m/nofp\libm.a(libm_a-k_sin.o)
                0x0800be10                __kernel_sin
 *fill*         0x0800bf7c        0x4 
 .text.__ieee754_rem_pio2
                0x0800bf80      0x3ec C:/Sistemas_embebidos/ST/STM32CubeIDE_1.14.1/STM32CubeIDE/plugins/com.st.stm32cube.ide.mcu.externaltools.gnu-tools-for-stm32.12.3.rel1.win32_1.0.200.202406191623/tools/bin/../lib/gcc/arm-none-eabi/12.3.1/../../../../arm-none-eabi/lib/thumb/v7-m/nofp\libm.a(libm_a-e_rem_pio2.o)
                0x0800bf80                __ieee754_rem_pio2
 .text.fabs     0x0800c36c        0x8 C:/Sistemas_embebidos/ST/STM32CubeIDE_1.14.1/STM32CubeIDE/plugins/com.st.stm32cube.ide.mcu.externaltools.gnu-tools-for-stm32.12.3.rel1.win32_1.0.200.202406191623/tools/bin/../lib/gcc/arm-none-eabi/12.3.1/../../../../arm-none-eabi/lib/thumb/v7-m/nofp\libm.a(libm_a-s_fabs.o)
                0x0800c36c                fabs
 .text.__kernel_rem_pio2
                0x0800c374      0x648 C:/Sistemas_embebidos/ST/STM32CubeIDE_1.14.1/STM32CubeIDE/plugins/com.st.stm32cube.ide.mcu.externaltools.gnu-tools-for-stm32.12.3.rel1.win32_1.0.200.202406191623/tools/bin/../lib/gcc/arm-none-eabi/12.3.1/../../../../arm-none-eabi/lib/thumb/v7-m/nofp\libm.a(libm_a-k_rem_pio2.o)
                0x0800c374                __kernel_rem_pio2
 *fill*         0x0800c9bc        0x4 
 .text.scalbn   0x0800c9c0       0xec C:/Sistemas_embebidos/ST/STM32CubeIDE_1.14.1/STM32CubeIDE/plugins/com.st.stm32cube.ide.mcu.externaltools.gnu-tools-for-stm32.12.3.rel1.win32_1.0.200.202406191623/tools/bin/../lib/gcc/arm-none-eabi/12.3.1/../../../../arm-none-eabi/lib/thumb/v7-m/nofp\libm.a(libm_a-s_scalbn.o)
                0x0800c9c0                scalbn
 *fill*         0x0800caac        0x4 
 .text.floor    0x0800cab0      0x100 C:/Sistemas_embebidos/ST/STM32CubeIDE_1.14.1/STM32CubeIDE/plugins/com.st.stm32cube.ide.mcu.externaltools.gnu-tools-for-stm32.12.3.rel1.win32_1.0.200.202406191623/tools/bin/../lib/gcc/arm-none-eabi/12.3.1/../../../../arm-none-eabi/lib/thumb/v7-m/nofp\libm.a(libm_a-s_floor.o)
                0x0800cab0                floor
 *(.glue_7)
 .glue_7        0x0800cbb0        0x0 linker stubs
 *(.glue_7t)
 .glue_7t       0x0800cbb0        0x0 linker stubs
 *(.eh_frame)
 .eh_frame      0x0800cbb0        0x0 C:/Sistemas_embebidos/ST/STM32CubeIDE_1.14.1/STM32CubeIDE/plugins/com.st.stm32cube.ide.mcu.externaltools.gnu-tools-for-stm32.12.3.rel1.win32_1.0.200.202406191623/tools/bin/../lib/gcc/arm-none-eabi/12.3.1/thumb/v7-m/nofp/crtbegin.o
 *(.init)
 .init          0x0800cbb0        0x4 C:/Sistemas_embebidos/ST/STM32CubeIDE_1.14.1/STM32CubeIDE/plugins/com.st.stm32cube.ide.mcu.externaltools.gnu-tools-for-stm32.12.3.rel1.win32_1.0.200.202406191623/tools/bin/../lib/gcc/arm-none-eabi/12.3.1/thumb/v7-m/nofp/crti.o
                0x0800cbb0                _init
 .init          0x0800cbb4        0x8 C:/Sistemas_embebidos/ST/STM32CubeIDE_1.14.1/STM32CubeIDE/plugins/com.st.stm32cube.ide.mcu.externaltools.gnu-tools-for-stm32.12.3.rel1.win32_1.0.200.202406191623/tools/bin/../lib/gcc/arm-none-eabi/12.3.1/thumb/v7-m/nofp/crtn.o
 *(.fini)
 .fini          0x0800cbbc        0x4 C:/Sistemas_embebidos/ST/STM32CubeIDE_1.14.1/STM32CubeIDE/plugins/com.st.stm32cube.ide.mcu.externaltools.gnu-tools-for-stm32.12.3.rel1.win32_1.0.200.202406191623/tools/bin/../lib/gcc/arm-none-eabi/12.3.1/thumb/v7-m/nofp/crti.o
                0x0800cbbc                _fini
 .fini          0x0800cbc0        0x8 C:/Sistemas_embebidos/ST/STM32CubeIDE_1.14.1/STM32CubeIDE/plugins/com.st.stm32cube.ide.mcu.externaltools.gnu-tools-for-stm32.12.3.rel1.win32_1.0.200.202406191623/tools/bin/../lib/gcc/arm-none-eabi/12.3.1/thumb/v7-m/nofp/crtn.o
                0x0800cbc8                        . = ALIGN (0x4)
                0x0800cbc8                        _etext = .

.vfp11_veneer   0x0800cbc8        0x0
 .vfp11_veneer  0x0800cbc8        0x0 linker stubs

.v4_bx          0x0800cbc8        0x0
 .v4_bx         0x0800cbc8        0x0 linker stubs

.iplt           0x0800cbc8        0x0
 .iplt          0x0800cbc8        0x0 C:/Sistemas_embebidos/ST/STM32CubeIDE_1.14.1/STM32CubeIDE/plugins/com.st.stm32cube.ide.mcu.externaltools.gnu-tools-for-stm32.12.3.rel1.win32_1.0.200.202406191623/tools/bin/../lib/gcc/arm-none-eabi/12.3.1/thumb/v7-m/nofp/crtbegin.o

.rodata         0x0800cbc8      0xb48
                0x0800cbc8                        . = ALIGN (0x4)
 *(.rodata)
 .rodata        0x0800cbc8       0xd8 ./Core/Src/main.o
 .rodata        0x0800cca0        0x5 ./Middlewares/Third_Party/FreeRTOS/Source/tasks.o
 *fill*         0x0800cca5        0x3 
 .rodata        0x0800cca8        0xd ./Middlewares/Third_Party/FreeRTOS/Source/timers.o
 *(.rodata*)
 *fill*         0x0800ccb5        0x3 
 .rodata.Font7x10
                0x0800ccb8      0x76c ./Core/Src/fonts.o
                0x0800ccb8                Font7x10
 .rodata.Bornera_attributes
                0x0800d424       0x24 ./Core/Src/main.o
                0x0800d424                Bornera_attributes
 .rodata.UI_attributes
                0x0800d448       0x24 ./Core/Src/main.o
                0x0800d448                UI_attributes
 .rodata.DAC_attributes
                0x0800d46c       0x24 ./Core/Src/main.o
                0x0800d46c                DAC_attributes
 .rodata.Semaforo1_attributes
                0x0800d490       0x10 ./Core/Src/main.o
                0x0800d490                Semaforo1_attributes
 .rodata.AHBPrescTable
                0x0800d4a0       0x10 ./Core/Src/system_stm32f1xx.o
                0x0800d4a0                AHBPrescTable
 .rodata.APBPrescTable
                0x0800d4b0        0x8 ./Core/Src/system_stm32f1xx.o
                0x0800d4b0                APBPrescTable
 .rodata.aPLLMULFactorTable.1
                0x0800d4b8       0x10 ./Drivers/STM32F1xx_HAL_Driver/Src/stm32f1xx_hal_rcc.o
 .rodata.aPredivFactorTable.0
                0x0800d4c8        0x2 ./Drivers/STM32F1xx_HAL_Driver/Src/stm32f1xx_hal_rcc.o
 *fill*         0x0800d4ca        0x2 
 .rodata.aPLLMULFactorTable.1
                0x0800d4cc       0x10 ./Drivers/STM32F1xx_HAL_Driver/Src/stm32f1xx_hal_rcc_ex.o
 .rodata.aPredivFactorTable.0
                0x0800d4dc        0x2 ./Drivers/STM32F1xx_HAL_Driver/Src/stm32f1xx_hal_rcc_ex.o
 .rodata.__utoa.str1.1
                0x0800d4de       0x25 C:/Sistemas_embebidos/ST/STM32CubeIDE_1.14.1/STM32CubeIDE/plugins/com.st.stm32cube.ide.mcu.externaltools.gnu-tools-for-stm32.12.3.rel1.win32_1.0.200.202406191623/tools/bin/../lib/gcc/arm-none-eabi/12.3.1/../../../../arm-none-eabi/lib/thumb/v7-m/nofp\libc_nano.a(libc_a-utoa.o)
 .rodata._svfprintf_r.str1.1
                0x0800d503       0x11 C:/Sistemas_embebidos/ST/STM32CubeIDE_1.14.1/STM32CubeIDE/plugins/com.st.stm32cube.ide.mcu.externaltools.gnu-tools-for-stm32.12.3.rel1.win32_1.0.200.202406191623/tools/bin/../lib/gcc/arm-none-eabi/12.3.1/../../../../arm-none-eabi/lib/thumb/v7-m/nofp\libc_nano.a(libc_a-nano-svfprintf.o)
 .rodata._printf_i.str1.1
                0x0800d514       0x22 C:/Sistemas_embebidos/ST/STM32CubeIDE_1.14.1/STM32CubeIDE/plugins/com.st.stm32cube.ide.mcu.externaltools.gnu-tools-for-stm32.12.3.rel1.win32_1.0.200.202406191623/tools/bin/../lib/gcc/arm-none-eabi/12.3.1/../../../../arm-none-eabi/lib/thumb/v7-m/nofp\libc_nano.a(libc_a-nano-vfprintf_i.o)
 *fill*         0x0800d536        0x2 
 .rodata.npio2_hw
                0x0800d538       0x80 C:/Sistemas_embebidos/ST/STM32CubeIDE_1.14.1/STM32CubeIDE/plugins/com.st.stm32cube.ide.mcu.externaltools.gnu-tools-for-stm32.12.3.rel1.win32_1.0.200.202406191623/tools/bin/../lib/gcc/arm-none-eabi/12.3.1/../../../../arm-none-eabi/lib/thumb/v7-m/nofp\libm.a(libm_a-e_rem_pio2.o)
 .rodata.two_over_pi
                0x0800d5b8      0x108 C:/Sistemas_embebidos/ST/STM32CubeIDE_1.14.1/STM32CubeIDE/plugins/com.st.stm32cube.ide.mcu.externaltools.gnu-tools-for-stm32.12.3.rel1.win32_1.0.200.202406191623/tools/bin/../lib/gcc/arm-none-eabi/12.3.1/../../../../arm-none-eabi/lib/thumb/v7-m/nofp\libm.a(libm_a-e_rem_pio2.o)
 .rodata.PIo2   0x0800d6c0       0x40 C:/Sistemas_embebidos/ST/STM32CubeIDE_1.14.1/STM32CubeIDE/plugins/com.st.stm32cube.ide.mcu.externaltools.gnu-tools-for-stm32.12.3.rel1.win32_1.0.200.202406191623/tools/bin/../lib/gcc/arm-none-eabi/12.3.1/../../../../arm-none-eabi/lib/thumb/v7-m/nofp\libm.a(libm_a-k_rem_pio2.o)
 .rodata.init_jk
                0x0800d700       0x10 C:/Sistemas_embebidos/ST/STM32CubeIDE_1.14.1/STM32CubeIDE/plugins/com.st.stm32cube.ide.mcu.externaltools.gnu-tools-for-stm32.12.3.rel1.win32_1.0.200.202406191623/tools/bin/../lib/gcc/arm-none-eabi/12.3.1/../../../../arm-none-eabi/lib/thumb/v7-m/nofp\libm.a(libm_a-k_rem_pio2.o)
                0x0800d710                        . = ALIGN (0x4)

.ARM.extab      0x0800d710        0x0
                0x0800d710                        . = ALIGN (0x4)
 *(.ARM.extab* .gnu.linkonce.armextab.*)
                0x0800d710                        . = ALIGN (0x4)

.ARM            0x0800d710        0x8
                0x0800d710                        . = ALIGN (0x4)
                0x0800d710                        __exidx_start = .
 *(.ARM.exidx*)
 .ARM.exidx     0x0800d710        0x8 C:/Sistemas_embebidos/ST/STM32CubeIDE_1.14.1/STM32CubeIDE/plugins/com.st.stm32cube.ide.mcu.externaltools.gnu-tools-for-stm32.12.3.rel1.win32_1.0.200.202406191623/tools/bin/../lib/gcc/arm-none-eabi/12.3.1/../../../../arm-none-eabi/lib/thumb/v7-m/nofp\libc_nano.a(libc_a-strlen.o)
                0x0800d718                        __exidx_end = .
                0x0800d718                        . = ALIGN (0x4)

.preinit_array  0x0800d718        0x0
                0x0800d718                        . = ALIGN (0x4)
                0x0800d718                        PROVIDE (__preinit_array_start = .)
 *(.preinit_array*)
                0x0800d718                        PROVIDE (__preinit_array_end = .)
                0x0800d718                        . = ALIGN (0x4)

.init_array     0x0800d718        0x4
                0x0800d718                        . = ALIGN (0x4)
                0x0800d718                        PROVIDE (__init_array_start = .)
 *(SORT_BY_NAME(.init_array.*))
 *(.init_array*)
 .init_array    0x0800d718        0x4 C:/Sistemas_embebidos/ST/STM32CubeIDE_1.14.1/STM32CubeIDE/plugins/com.st.stm32cube.ide.mcu.externaltools.gnu-tools-for-stm32.12.3.rel1.win32_1.0.200.202406191623/tools/bin/../lib/gcc/arm-none-eabi/12.3.1/thumb/v7-m/nofp/crtbegin.o
                0x0800d71c                        PROVIDE (__init_array_end = .)
                0x0800d71c                        . = ALIGN (0x4)

.fini_array     0x0800d71c        0x4
                0x0800d71c                        . = ALIGN (0x4)
                [!provide]                        PROVIDE (__fini_array_start = .)
 *(SORT_BY_NAME(.fini_array.*))
 *(.fini_array*)
 .fini_array    0x0800d71c        0x4 C:/Sistemas_embebidos/ST/STM32CubeIDE_1.14.1/STM32CubeIDE/plugins/com.st.stm32cube.ide.mcu.externaltools.gnu-tools-for-stm32.12.3.rel1.win32_1.0.200.202406191623/tools/bin/../lib/gcc/arm-none-eabi/12.3.1/thumb/v7-m/nofp/crtbegin.o
                [!provide]                        PROVIDE (__fini_array_end = .)
                0x0800d720                        . = ALIGN (0x4)
                0x0800d720                        _sidata = LOADADDR (.data)

.rel.dyn        0x0800d720        0x0
 .rel.iplt      0x0800d720        0x0 C:/Sistemas_embebidos/ST/STM32CubeIDE_1.14.1/STM32CubeIDE/plugins/com.st.stm32cube.ide.mcu.externaltools.gnu-tools-for-stm32.12.3.rel1.win32_1.0.200.202406191623/tools/bin/../lib/gcc/arm-none-eabi/12.3.1/thumb/v7-m/nofp/crtbegin.o

.data           0x20000000     0x1080 load address 0x0800d720
                0x20000000                        . = ALIGN (0x4)
                0x20000000                        _sdata = .
 *(.data)
 *(.data*)
 .data.w        0x20000000     0x1000 ./Core/Src/fft.o
                0x20000000                w
 .data.Font_7x10
                0x20001000        0x8 ./Core/Src/fonts.o
                0x20001000                Font_7x10
 .data.Screen   0x20001008        0x1 ./Core/Src/main.o
                0x20001008                Screen
 .data.amplitud
                0x20001009        0x1 ./Core/Src/main.o
                0x20001009                amplitud
 *fill*         0x2000100a        0x2 
 .data.frecuencia
                0x2000100c        0x4 ./Core/Src/main.o
                0x2000100c                frecuencia
 .data.SystemCoreClock
                0x20001010        0x4 ./Core/Src/system_stm32f1xx.o
                0x20001010                SystemCoreClock
 .data.uwTickPrio
                0x20001014        0x4 ./Drivers/STM32F1xx_HAL_Driver/Src/stm32f1xx_hal.o
                0x20001014                uwTickPrio
 .data.uwTickFreq
                0x20001018        0x1 ./Drivers/STM32F1xx_HAL_Driver/Src/stm32f1xx_hal.o
                0x20001018                uwTickFreq
 *fill*         0x20001019        0x3 
 .data.uxCriticalNesting
                0x2000101c        0x4 ./Middlewares/Third_Party/FreeRTOS/Source/portable/GCC/ARM_CM3/port.o
 .data._impure_ptr
                0x20001020        0x4 C:/Sistemas_embebidos/ST/STM32CubeIDE_1.14.1/STM32CubeIDE/plugins/com.st.stm32cube.ide.mcu.externaltools.gnu-tools-for-stm32.12.3.rel1.win32_1.0.200.202406191623/tools/bin/../lib/gcc/arm-none-eabi/12.3.1/../../../../arm-none-eabi/lib/thumb/v7-m/nofp\libc_nano.a(libc_a-impure.o)
                0x20001020                _impure_ptr
 .data._impure_data
                0x20001024       0x4c C:/Sistemas_embebidos/ST/STM32CubeIDE_1.14.1/STM32CubeIDE/plugins/com.st.stm32cube.ide.mcu.externaltools.gnu-tools-for-stm32.12.3.rel1.win32_1.0.200.202406191623/tools/bin/../lib/gcc/arm-none-eabi/12.3.1/../../../../arm-none-eabi/lib/thumb/v7-m/nofp\libc_nano.a(libc_a-impure.o)
                0x20001024                _impure_data
 .data.tiny     0x20001070        0x8 C:/Sistemas_embebidos/ST/STM32CubeIDE_1.14.1/STM32CubeIDE/plugins/com.st.stm32cube.ide.mcu.externaltools.gnu-tools-for-stm32.12.3.rel1.win32_1.0.200.202406191623/tools/bin/../lib/gcc/arm-none-eabi/12.3.1/../../../../arm-none-eabi/lib/thumb/v7-m/nofp\libm.a(libm_a-e_sqrt.o)
 .data.one      0x20001078        0x8 C:/Sistemas_embebidos/ST/STM32CubeIDE_1.14.1/STM32CubeIDE/plugins/com.st.stm32cube.ide.mcu.externaltools.gnu-tools-for-stm32.12.3.rel1.win32_1.0.200.202406191623/tools/bin/../lib/gcc/arm-none-eabi/12.3.1/../../../../arm-none-eabi/lib/thumb/v7-m/nofp\libm.a(libm_a-e_sqrt.o)
 *(.RamFunc)
 *(.RamFunc*)
                0x20001080                        . = ALIGN (0x4)
                0x20001080                        _edata = .

.igot.plt       0x20001080        0x0 load address 0x0800e7a0
 .igot.plt      0x20001080        0x0 C:/Sistemas_embebidos/ST/STM32CubeIDE_1.14.1/STM32CubeIDE/plugins/com.st.stm32cube.ide.mcu.externaltools.gnu-tools-for-stm32.12.3.rel1.win32_1.0.200.202406191623/tools/bin/../lib/gcc/arm-none-eabi/12.3.1/thumb/v7-m/nofp/crtbegin.o
                0x20001080                        . = ALIGN (0x4)

.bss            0x20001080     0x30b4 load address 0x0800e7a0
                0x20001080                        _sbss = .
                0x20001080                        __bss_start__ = _sbss
 *(.bss)
 .bss           0x20001080       0x1c C:/Sistemas_embebidos/ST/STM32CubeIDE_1.14.1/STM32CubeIDE/plugins/com.st.stm32cube.ide.mcu.externaltools.gnu-tools-for-stm32.12.3.rel1.win32_1.0.200.202406191623/tools/bin/../lib/gcc/arm-none-eabi/12.3.1/thumb/v7-m/nofp/crtbegin.o
 *(.bss*)
 .bss.hadc1     0x2000109c       0x30 ./Core/Src/main.o
                0x2000109c                hadc1
 .bss.hi2c1     0x200010cc       0x54 ./Core/Src/main.o
                0x200010cc                hi2c1
 .bss.htim1     0x20001120       0x48 ./Core/Src/main.o
                0x20001120                htim1
 .bss.htim2     0x20001168       0x48 ./Core/Src/main.o
                0x20001168                htim2
 .bss.htim3     0x200011b0       0x48 ./Core/Src/main.o
                0x200011b0                htim3
 .bss.hdma_tim1_up
                0x200011f8       0x44 ./Core/Src/main.o
                0x200011f8                hdma_tim1_up
 .bss.huart1    0x2000123c       0x48 ./Core/Src/main.o
                0x2000123c                huart1
 .bss.BorneraHandle
                0x20001284        0x4 ./Core/Src/main.o
                0x20001284                BorneraHandle
 .bss.UIHandle  0x20001288        0x4 ./Core/Src/main.o
                0x20001288                UIHandle
 .bss.DACHandle
                0x2000128c        0x4 ./Core/Src/main.o
                0x2000128c                DACHandle
 .bss.Semaforo1Handle
                0x20001290        0x4 ./Core/Src/main.o
                0x20001290                Semaforo1Handle
 .bss.ConfSub   0x20001294        0x1 ./Core/Src/main.o
                0x20001294                ConfSub
 .bss.Boton2    0x20001295        0x1 ./Core/Src/main.o
                0x20001295                Boton2
 *fill*         0x20001296        0x2 
 .bss.encoder_c
                0x20001298        0x4 ./Core/Src/main.o
                0x20001298                encoder_c
 .bss.enc_uart  0x2000129c        0x4 ./Core/Src/main.o
                0x2000129c                enc_uart
 .bss.enc_graf  0x200012a0        0x4 ./Core/Src/main.o
                0x200012a0                enc_graf
 .bss.encoder_position
                0x200012a4        0x4 ./Core/Src/main.o
                0x200012a4                encoder_position
 .bss.flag_salto_screen
                0x200012a8        0x4 ./Core/Src/main.o
                0x200012a8                flag_salto_screen
 .bss.flag_cursor_quieto
                0x200012ac        0x4 ./Core/Src/main.o
                0x200012ac                flag_cursor_quieto
 .bss.flag_frec
                0x200012b0        0x1 ./Core/Src/main.o
                0x200012b0                flag_frec
 .bss.flag_amp  0x200012b1        0x1 ./Core/Src/main.o
                0x200012b1                flag_amp
 .bss.flag_enc  0x200012b2        0x1 ./Core/Src/main.o
                0x200012b2                flag_enc
 .bss.flag_uart
                0x200012b3        0x1 ./Core/Src/main.o
                0x200012b3                flag_uart
 .bss.sine_wave
                0x200012b4       0x64 ./Core/Src/main.o
                0x200012b4                sine_wave
 .bss.adc_buffer
                0x20001318      0x200 ./Core/Src/main.o
                0x20001318                adc_buffer
 .bss.fft       0x20001518      0x800 ./Core/Src/main.o
                0x20001518                fft
 .bss.fft_R     0x20001d18      0x200 ./Core/Src/main.o
                0x20001d18                fft_R
 .bss.f         0x20001f18      0x100 ./Core/Src/main.o
                0x20001f18                f
 .bss.cont      0x20002018        0x1 ./Core/Src/main.o
                0x20002018                cont
 *fill*         0x20002019        0x1 
 .bss.FreeBornera
                0x2000201a        0x2 ./Core/Src/main.o
                0x2000201a                FreeBornera
 .bss.FreeUI    0x2000201c        0x2 ./Core/Src/main.o
                0x2000201c                FreeUI
 .bss.FreeHeap  0x2000201e        0x2 ./Core/Src/main.o
                0x2000201e                FreeHeap
 .bss.FreeDAC   0x20002020        0x2 ./Core/Src/main.o
                0x20002020                FreeDAC
 .bss.encoder_state.3
                0x20002022        0x1 ./Core/Src/main.o
 *fill*         0x20002023        0x1 
 .bss.last_screen_change_time.2
                0x20002024        0x4 ./Core/Src/main.o
 .bss.last_conf_change_time.1
                0x20002028        0x4 ./Core/Src/main.o
 .bss.last_conf2_change_time.0
                0x2000202c        0x4 ./Core/Src/main.o
 .bss.SSD1306_Buffer
                0x20002030      0x400 ./Core/Src/ssd1306.o
 .bss.SSD1306   0x20002430        0x6 ./Core/Src/ssd1306.o
 *fill*         0x20002436        0x2 
 .bss.htim4     0x20002438       0x48 ./Core/Src/stm32f1xx_hal_timebase_tim.o
                0x20002438                htim4
 .bss.__sbrk_heap_end
                0x20002480        0x4 ./Core/Src/sysmem.o
 .bss.uwTick    0x20002484        0x4 ./Drivers/STM32F1xx_HAL_Driver/Src/stm32f1xx_hal.o
                0x20002484                uwTick
 .bss.KernelState
                0x20002488        0x4 ./Middlewares/Third_Party/FreeRTOS/Source/CMSIS_RTOS_V2/cmsis_os2.o
 .bss.Idle_TCB  0x2000248c       0xac ./Middlewares/Third_Party/FreeRTOS/Source/CMSIS_RTOS_V2/cmsis_os2.o
 .bss.Idle_Stack
                0x20002538      0x200 ./Middlewares/Third_Party/FreeRTOS/Source/CMSIS_RTOS_V2/cmsis_os2.o
 .bss.Timer_TCB
                0x20002738       0xac ./Middlewares/Third_Party/FreeRTOS/Source/CMSIS_RTOS_V2/cmsis_os2.o
 .bss.Timer_Stack
                0x200027e4      0x400 ./Middlewares/Third_Party/FreeRTOS/Source/CMSIS_RTOS_V2/cmsis_os2.o
 .bss.xQueueRegistry
                0x20002be4       0x40 ./Middlewares/Third_Party/FreeRTOS/Source/queue.o
                0x20002be4                xQueueRegistry
 .bss.pxCurrentTCB
                0x20002c24        0x4 ./Middlewares/Third_Party/FreeRTOS/Source/tasks.o
                0x20002c24                pxCurrentTCB
 .bss.pxReadyTasksLists
                0x20002c28      0x460 ./Middlewares/Third_Party/FreeRTOS/Source/tasks.o
 .bss.xDelayedTaskList1
                0x20003088       0x14 ./Middlewares/Third_Party/FreeRTOS/Source/tasks.o
 .bss.xDelayedTaskList2
                0x2000309c       0x14 ./Middlewares/Third_Party/FreeRTOS/Source/tasks.o
 .bss.pxDelayedTaskList
                0x200030b0        0x4 ./Middlewares/Third_Party/FreeRTOS/Source/tasks.o
 .bss.pxOverflowDelayedTaskList
                0x200030b4        0x4 ./Middlewares/Third_Party/FreeRTOS/Source/tasks.o
 .bss.xPendingReadyList
                0x200030b8       0x14 ./Middlewares/Third_Party/FreeRTOS/Source/tasks.o
 .bss.xTasksWaitingTermination
                0x200030cc       0x14 ./Middlewares/Third_Party/FreeRTOS/Source/tasks.o
 .bss.uxDeletedTasksWaitingCleanUp
                0x200030e0        0x4 ./Middlewares/Third_Party/FreeRTOS/Source/tasks.o
 .bss.xSuspendedTaskList
                0x200030e4       0x14 ./Middlewares/Third_Party/FreeRTOS/Source/tasks.o
 .bss.uxCurrentNumberOfTasks
                0x200030f8        0x4 ./Middlewares/Third_Party/FreeRTOS/Source/tasks.o
 .bss.xTickCount
                0x200030fc        0x4 ./Middlewares/Third_Party/FreeRTOS/Source/tasks.o
 .bss.uxTopReadyPriority
                0x20003100        0x4 ./Middlewares/Third_Party/FreeRTOS/Source/tasks.o
 .bss.xSchedulerRunning
                0x20003104        0x4 ./Middlewares/Third_Party/FreeRTOS/Source/tasks.o
 .bss.uxPendedTicks
                0x20003108        0x4 ./Middlewares/Third_Party/FreeRTOS/Source/tasks.o
 .bss.xYieldPending
                0x2000310c        0x4 ./Middlewares/Third_Party/FreeRTOS/Source/tasks.o
 .bss.xNumOfOverflows
                0x20003110        0x4 ./Middlewares/Third_Party/FreeRTOS/Source/tasks.o
 .bss.uxTaskNumber
                0x20003114        0x4 ./Middlewares/Third_Party/FreeRTOS/Source/tasks.o
 .bss.xNextTaskUnblockTime
                0x20003118        0x4 ./Middlewares/Third_Party/FreeRTOS/Source/tasks.o
 .bss.xIdleTaskHandle
                0x2000311c        0x4 ./Middlewares/Third_Party/FreeRTOS/Source/tasks.o
 .bss.uxSchedulerSuspended
                0x20003120        0x4 ./Middlewares/Third_Party/FreeRTOS/Source/tasks.o
 .bss.xActiveTimerList1
                0x20003124       0x14 ./Middlewares/Third_Party/FreeRTOS/Source/timers.o
 .bss.xActiveTimerList2
                0x20003138       0x14 ./Middlewares/Third_Party/FreeRTOS/Source/timers.o
 .bss.pxCurrentTimerList
                0x2000314c        0x4 ./Middlewares/Third_Party/FreeRTOS/Source/timers.o
 .bss.pxOverflowTimerList
                0x20003150        0x4 ./Middlewares/Third_Party/FreeRTOS/Source/timers.o
 .bss.xTimerQueue
                0x20003154        0x4 ./Middlewares/Third_Party/FreeRTOS/Source/timers.o
 .bss.xTimerTaskHandle
                0x20003158        0x4 ./Middlewares/Third_Party/FreeRTOS/Source/timers.o
 .bss.xLastTime.2
                0x2000315c        0x4 ./Middlewares/Third_Party/FreeRTOS/Source/timers.o
 .bss.ucStaticTimerQueueStorage.1
                0x20003160       0xa0 ./Middlewares/Third_Party/FreeRTOS/Source/timers.o
 .bss.xStaticTimerQueue.0
                0x20003200       0x50 ./Middlewares/Third_Party/FreeRTOS/Source/timers.o
 .bss.ucMaxSysCallPriority
                0x20003250        0x1 ./Middlewares/Third_Party/FreeRTOS/Source/portable/GCC/ARM_CM3/port.o
 *fill*         0x20003251        0x3 
 .bss.ulMaxPRIGROUPValue
                0x20003254        0x4 ./Middlewares/Third_Party/FreeRTOS/Source/portable/GCC/ARM_CM3/port.o
 .bss.ucHeap    0x20003258      0xd7a ./Middlewares/Third_Party/FreeRTOS/Source/portable/MemMang/heap_4.o
 *fill*         0x20003fd2        0x2 
 .bss.xStart    0x20003fd4        0x8 ./Middlewares/Third_Party/FreeRTOS/Source/portable/MemMang/heap_4.o
 .bss.pxEnd     0x20003fdc        0x4 ./Middlewares/Third_Party/FreeRTOS/Source/portable/MemMang/heap_4.o
 .bss.xFreeBytesRemaining
                0x20003fe0        0x4 ./Middlewares/Third_Party/FreeRTOS/Source/portable/MemMang/heap_4.o
 .bss.xMinimumEverFreeBytesRemaining
                0x20003fe4        0x4 ./Middlewares/Third_Party/FreeRTOS/Source/portable/MemMang/heap_4.o
 .bss.xBlockAllocatedBit
                0x20003fe8        0x4 ./Middlewares/Third_Party/FreeRTOS/Source/portable/MemMang/heap_4.o
 .bss.__sf      0x20003fec      0x138 C:/Sistemas_embebidos/ST/STM32CubeIDE_1.14.1/STM32CubeIDE/plugins/com.st.stm32cube.ide.mcu.externaltools.gnu-tools-for-stm32.12.3.rel1.win32_1.0.200.202406191623/tools/bin/../lib/gcc/arm-none-eabi/12.3.1/../../../../arm-none-eabi/lib/thumb/v7-m/nofp\libc_nano.a(libc_a-findfp.o)
                0x20003fec                __sf
 .bss.errno     0x20004124        0x4 C:/Sistemas_embebidos/ST/STM32CubeIDE_1.14.1/STM32CubeIDE/plugins/com.st.stm32cube.ide.mcu.externaltools.gnu-tools-for-stm32.12.3.rel1.win32_1.0.200.202406191623/tools/bin/../lib/gcc/arm-none-eabi/12.3.1/../../../../arm-none-eabi/lib/thumb/v7-m/nofp\libc_nano.a(libc_a-reent.o)
                0x20004124                errno
 .bss.__lock___malloc_recursive_mutex
                0x20004128        0x1 C:/Sistemas_embebidos/ST/STM32CubeIDE_1.14.1/STM32CubeIDE/plugins/com.st.stm32cube.ide.mcu.externaltools.gnu-tools-for-stm32.12.3.rel1.win32_1.0.200.202406191623/tools/bin/../lib/gcc/arm-none-eabi/12.3.1/../../../../arm-none-eabi/lib/thumb/v7-m/nofp\libc_nano.a(libc_a-lock.o)
                0x20004128                __lock___malloc_recursive_mutex
 *fill*         0x20004129        0x3 
 .bss.__malloc_sbrk_start
                0x2000412c        0x4 C:/Sistemas_embebidos/ST/STM32CubeIDE_1.14.1/STM32CubeIDE/plugins/com.st.stm32cube.ide.mcu.externaltools.gnu-tools-for-stm32.12.3.rel1.win32_1.0.200.202406191623/tools/bin/../lib/gcc/arm-none-eabi/12.3.1/../../../../arm-none-eabi/lib/thumb/v7-m/nofp\libc_nano.a(libc_a-mallocr.o)
                0x2000412c                __malloc_sbrk_start
 .bss.__malloc_free_list
                0x20004130        0x4 C:/Sistemas_embebidos/ST/STM32CubeIDE_1.14.1/STM32CubeIDE/plugins/com.st.stm32cube.ide.mcu.externaltools.gnu-tools-for-stm32.12.3.rel1.win32_1.0.200.202406191623/tools/bin/../lib/gcc/arm-none-eabi/12.3.1/../../../../arm-none-eabi/lib/thumb/v7-m/nofp\libc_nano.a(libc_a-mallocr.o)
                0x20004130                __malloc_free_list
 *(COMMON)
                0x20004134                        . = ALIGN (0x4)
                0x20004134                        _ebss = .
                0x20004134                        __bss_end__ = _ebss

._user_heap_stack
                0x20004134      0x604 load address 0x0800e7a0
                0x20004138                        . = ALIGN (0x8)
 *fill*         0x20004134        0x4 
                [!provide]                        PROVIDE (end = .)
                0x20004138                        PROVIDE (_end = .)
                0x20004338                        . = (. + _Min_Heap_Size)
 *fill*         0x20004138      0x200 
                0x20004738                        . = (. + _Min_Stack_Size)
 *fill*         0x20004338      0x400 
                0x20004738                        . = ALIGN (0x8)

/DISCARD/
 libc.a(*)
 libm.a(*)
 libgcc.a(*)

.ARM.attributes
                0x00000000       0x29
 *(.ARM.attributes)
 .ARM.attributes
                0x00000000       0x1d C:/Sistemas_embebidos/ST/STM32CubeIDE_1.14.1/STM32CubeIDE/plugins/com.st.stm32cube.ide.mcu.externaltools.gnu-tools-for-stm32.12.3.rel1.win32_1.0.200.202406191623/tools/bin/../lib/gcc/arm-none-eabi/12.3.1/thumb/v7-m/nofp/crti.o
 .ARM.attributes